Component: ARM Compiler 5.06 update 1 (build 61) Tool: armlink [4d35a8]

==============================================================================

Section Cross References

    startup_stm32f401xc.o(RESET) refers to startup_stm32f401xc.o(STACK) for __initial_sp
    startup_stm32f401xc.o(RESET) refers to startup_stm32f401xc.o(.text) for Reset_Handler
    startup_stm32f401xc.o(RESET) refers to stm32f4xx_it.o(i.NMI_Handler) for NMI_Handler
    startup_stm32f401xc.o(RESET) refers to stm32f4xx_it.o(i.HardFault_Handler) for HardFault_Handler
    startup_stm32f401xc.o(RESET) refers to stm32f4xx_it.o(i.MemManage_Handler) for MemManage_Handler
    startup_stm32f401xc.o(RESET) refers to stm32f4xx_it.o(i.BusFault_Handler) for BusFault_Handler
    startup_stm32f401xc.o(RESET) refers to stm32f4xx_it.o(i.UsageFault_Handler) for UsageFault_Handler
    startup_stm32f401xc.o(RESET) refers to stm32f4xx_it.o(i.SVC_Handler) for SVC_Handler
    startup_stm32f401xc.o(RESET) refers to stm32f4xx_it.o(i.DebugMon_Handler) for DebugMon_Handler
    startup_stm32f401xc.o(RESET) refers to stm32f4xx_it.o(i.PendSV_Handler) for PendSV_Handler
    startup_stm32f401xc.o(RESET) refers to stm32f4xx_it.o(i.SysTick_Handler) for SysTick_Handler
    startup_stm32f401xc.o(RESET) refers to stm32f4xx_it.o(i.TIM1_BRK_TIM9_IRQHandler) for TIM1_BRK_TIM9_IRQHandler
    startup_stm32f401xc.o(.text) refers to system_stm32f4xx.o(i.SystemInit) for SystemInit
    startup_stm32f401xc.o(.text) refers to entry.o(.ARM.Collect$$$$00000000) for __main
    main.o(i.SystemClock_Config) refers to memseta.o(.text) for __aeabi_memclr4
    main.o(i.SystemClock_Config) refers to stm32f4xx_hal_rcc.o(i.HAL_RCC_OscConfig) for HAL_RCC_OscConfig
    main.o(i.SystemClock_Config) refers to stm32f4xx_hal_rcc.o(i.HAL_RCC_ClockConfig) for HAL_RCC_ClockConfig
    main.o(i.main) refers to stm32f4xx_hal.o(i.HAL_Init) for HAL_Init
    main.o(i.main) refers to main.o(i.SystemClock_Config) for SystemClock_Config
    main.o(i.main) refers to gpio.o(i.MX_GPIO_Init) for MX_GPIO_Init
    main.o(i.main) refers to usart.o(i.MX_USART1_UART_Init) for MX_USART1_UART_Init
    main.o(i.main) refers to tim.o(i.MX_TIM9_Init) for MX_TIM9_Init
    main.o(i.main) refers to i2c.o(i.MX_I2C2_Init) for MX_I2C2_Init
    main.o(i.main) refers to mpu6050.o(i.MPU_Init) for MPU_Init
    main.o(i.main) refers to inv_mpu.o(i.mpu_dmp_init) for mpu_dmp_init
    main.o(i.main) refers to printfa.o(i.__0printf) for __2printf
    main.o(i.main) refers to inv_mpu.o(i.mpu_dmp_get_data) for mpu_dmp_get_data
    main.o(i.main) refers to f2d.o(.text) for __aeabi_f2d
    main.o(i.main) refers to stm32f4xx_hal.o(i.HAL_Delay) for HAL_Delay
    gpio.o(i.MX_GPIO_Init) refers to memseta.o(.text) for __aeabi_memclr4
    gpio.o(i.MX_GPIO_Init) refers to stm32f4xx_hal_gpio.o(i.HAL_GPIO_WritePin) for HAL_GPIO_WritePin
    gpio.o(i.MX_GPIO_Init) refers to stm32f4xx_hal_gpio.o(i.HAL_GPIO_Init) for HAL_GPIO_Init
    i2c.o(i.HAL_I2C_MspDeInit) refers to stm32f4xx_hal_gpio.o(i.HAL_GPIO_DeInit) for HAL_GPIO_DeInit
    i2c.o(i.HAL_I2C_MspInit) refers to memseta.o(.text) for __aeabi_memclr4
    i2c.o(i.HAL_I2C_MspInit) refers to stm32f4xx_hal_gpio.o(i.HAL_GPIO_Init) for HAL_GPIO_Init
    i2c.o(i.MX_I2C2_Init) refers to stm32f4xx_hal_i2c.o(i.HAL_I2C_Init) for HAL_I2C_Init
    i2c.o(i.MX_I2C2_Init) refers to main.o(i.Error_Handler) for Error_Handler
    i2c.o(i.MX_I2C2_Init) refers to i2c.o(.bss) for .bss
    tim.o(i.HAL_TIM_Base_MspDeInit) refers to stm32f4xx_hal_cortex.o(i.HAL_NVIC_DisableIRQ) for HAL_NVIC_DisableIRQ
    tim.o(i.HAL_TIM_Base_MspInit) refers to stm32f4xx_hal_cortex.o(i.HAL_NVIC_SetPriority) for HAL_NVIC_SetPriority
    tim.o(i.HAL_TIM_Base_MspInit) refers to stm32f4xx_hal_cortex.o(i.HAL_NVIC_EnableIRQ) for HAL_NVIC_EnableIRQ
    tim.o(i.MX_TIM9_Init) refers to stm32f4xx_hal_tim.o(i.HAL_TIM_Base_Init) for HAL_TIM_Base_Init
    tim.o(i.MX_TIM9_Init) refers to main.o(i.Error_Handler) for Error_Handler
    tim.o(i.MX_TIM9_Init) refers to stm32f4xx_hal_tim.o(i.HAL_TIM_ConfigClockSource) for HAL_TIM_ConfigClockSource
    tim.o(i.MX_TIM9_Init) refers to tim.o(.bss) for .bss
    usart.o(i.HAL_UART_MspDeInit) refers to stm32f4xx_hal_gpio.o(i.HAL_GPIO_DeInit) for HAL_GPIO_DeInit
    usart.o(i.HAL_UART_MspInit) refers to memseta.o(.text) for __aeabi_memclr4
    usart.o(i.HAL_UART_MspInit) refers to stm32f4xx_hal_gpio.o(i.HAL_GPIO_Init) for HAL_GPIO_Init
    usart.o(i.MX_USART1_UART_Init) refers to stm32f4xx_hal_uart.o(i.HAL_UART_Init) for HAL_UART_Init
    usart.o(i.MX_USART1_UART_Init) refers to main.o(i.Error_Handler) for Error_Handler
    usart.o(i.MX_USART1_UART_Init) refers to usart.o(.bss) for .bss
    stm32f4xx_it.o(i.SysTick_Handler) refers to stm32f4xx_hal.o(i.HAL_IncTick) for HAL_IncTick
    stm32f4xx_it.o(i.TIM1_BRK_TIM9_IRQHandler) refers to stm32f4xx_hal_tim.o(i.HAL_TIM_IRQHandler) for HAL_TIM_IRQHandler
    stm32f4xx_it.o(i.TIM1_BRK_TIM9_IRQHandler) refers to tim.o(.bss) for htim9
[...]
    ../clib/microlib/printf/printf.c         0x00000000   Number         0  printf1.o ABSOLUTE
    ../clib/microlib/printf/printf.c         0x00000000   Number         0  printf5.o ABSOLUTE
    ../clib/microlib/printf/stubs.s          0x00000000   Number         0  stubs.o ABSOLUTE
    ../clib/microlib/stdio/streams.c         0x00000000   Number         0  stdout.o ABSOLUTE
    ../clib/microlib/string/memcmp.c         0x00000000   Number         0  memcmp.o ABSOLUTE
    ../clib/microlib/string/memset.c         0x00000000   Number         0  memseta.o ABSOLUTE
    ../clib/microlib/stubs.s                 0x00000000   Number         0  iusefp.o ABSOLUTE
    ../fplib/microlib/d2f.c                  0x00000000   Number         0  d2f.o ABSOLUTE
    ../fplib/microlib/f2d.c                  0x00000000   Number         0  f2d.o ABSOLUTE
    ../fplib/microlib/fpadd.c                0x00000000   Number         0  dadd.o ABSOLUTE
    ../fplib/microlib/fpdiv.c                0x00000000   Number         0  ddiv.o ABSOLUTE
    ../fplib/microlib/fpepilogue.c           0x00000000   Number         0  fepilogue.o ABSOLUTE
    ../fplib/microlib/fpepilogue.c           0x00000000   Number         0  depilogue.o ABSOLUTE
    ../fplib/microlib/fpfix.c                0x00000000   Number         0  dfixul.o ABSOLUTE
    ../fplib/microlib/fpflt.c                0x00000000   Number         0  dflti.o ABSOLUTE
    ../fplib/microlib/fpmul.c                0x00000000   Number         0  dmul.o ABSOLUTE
    ../fplib/microlib/fpneg.c                0x00000000   Number         0  dneg.o ABSOLUTE
    ../fplib/microlib/fpsqrt.c               0x00000000   Number         0  dsqrt.o ABSOLUTE
    ../mathlib/asin.c                        0x00000000   Number         0  asin.o ABSOLUTE
    ../mathlib/asin.c                        0x00000000   Number         0  asin_x.o ABSOLUTE
    ../mathlib/atan.c                        0x00000000   Number         0  atan.o ABSOLUTE
    ../mathlib/atan.c                        0x00000000   Number         0  atan_x.o ABSOLUTE
    ../mathlib/atan2.c                       0x00000000   Number         0  atan2.o ABSOLUTE
    ../mathlib/atan2.c                       0x00000000   Number         0  atan2_x.o ABSOLUTE
    ../mathlib/dunder.c                      0x00000000   Number         0  dunder.o ABSOLUTE
    ../mathlib/fabs.c                        0x00000000   Number         0  fabs.o ABSOLUTE
    ../mathlib/fpclassify.c                  0x00000000   Number         0  fpclassify.o ABSOLUTE
    ../mathlib/poly.c                        0x00000000   Number         0  poly.o ABSOLUTE
    ../mathlib/qnan.c                        0x00000000   Number         0  qnan.o ABSOLUTE
    ../mathlib/sqrt.c                        0x00000000   Number         0  sqrt.o ABSOLUTE
    ../mathlib/sqrt.c                        0x00000000   Number         0  sqrt_x.o ABSOLUTE
    ..\Core\Src\gpio.c                       0x00000000   Number         0  gpio.o ABSOLUTE
    ..\Core\Src\i2c.c                        0x00000000   Number         0  i2c.o ABSOLUTE
    ..\Core\Src\main.c                       0x00000000   Number         0  main.o ABSOLUTE
    ..\Core\Src\stm32f4xx_hal_msp.c          0x00000000   Number         0  stm32f4xx_hal_msp.o ABSOLUTE
    ..\Core\Src\stm32f4xx_it.c               0x00000000   Number         0  stm32f4xx_it.o ABSOLUTE
    ..\Core\Src\system_stm32f4xx.c           0x00000000   Number         0  system_stm32f4xx.o ABSOLUTE
    ..\Core\Src\tim.c                        0x00000000   Number         0  tim.o ABSOLUTE
    ..\Core\Src\usart.c                      0x00000000   Number         0  usart.o ABSOLUTE
    ..\Drivers\STM32F4xx_HAL_Driver\Src\stm32f4xx_hal.c 0x00000000   Number         0  stm32f4xx_hal.o ABSOLUTE
    ..\Drivers\STM32F4xx_HAL_Driver\Src\stm32f4xx_hal_cortex.c 0x00000000   Number         0  stm32f4xx_hal_cortex.o ABSOLUTE
    ..\Drivers\STM32F4xx_HAL_Driver\Src\stm32f4xx_hal_dma.c 0x00000000   Number         0  stm32f4xx_hal_dma.o ABSOLUTE
    ..\Drivers\STM32F4xx_HAL_Driver\Src\stm32f4xx_hal_dma_ex.c 0x00000000   Number         0  stm32f4xx_hal_dma_ex.o ABSOLUTE
    ..\Drivers\STM32F4xx_HAL_Driver\Src\stm32f4xx_hal_exti.c 0x00000000   Number         0  stm32f4xx_hal_exti.o ABSOLUTE
    ..\Drivers\STM32F4xx_HAL_Driver\Src\stm32f4xx_hal_flash.c 0x00000000   Number         0  stm32f4xx_hal_flash.o ABSOLUTE
    ..\Drivers\STM32F4xx_HAL_Driver\Src\stm32f4xx_hal_flash_ex.c 0x00000000   Number         0  stm32f4xx_hal_flash_ex.o ABSOLUTE
    ..\Drivers\STM32F4xx_HAL_Driver\Src\stm32f4xx_hal_flash_ramfunc.c 0x00000000   Number         0  stm32f4xx_hal_flash_ramfunc.o ABSOLUTE
    ..\Drivers\STM32F4xx_HAL_Driver\Src\stm32f4xx_hal_gpio.c 0x00000000   Number         0  stm32f4xx_hal_gpio.o ABSOLUTE
    ..\Drivers\STM32F4xx_HAL_Driver\Src\stm32f4xx_hal_i2c.c 0x00000000   Number         0  stm32f4xx_hal_i2c.o ABSOLUTE
    ..\Drivers\STM32F4xx_HAL_Driver\Src\stm32f4xx_hal_i2c_ex.c 0x00000000   Number         0  stm32f4xx_hal_i2c_ex.o ABSOLUTE
    ..\Drivers\STM32F4xx_HAL_Driver\Src\stm32f4xx_hal_pwr.c 0x00000000   Number         0  stm32f4xx_hal_pwr.o ABSOLUTE
    ..\Drivers\STM32F4xx_HAL_Driver\Src\stm32f4xx_hal_pwr_ex.c 0x00000000   Number         0  stm32f4xx_hal_pwr_ex.o ABSOLUTE
    ..\Drivers\STM32F4xx_HAL_Driver\Src\stm32f4xx_hal_rcc.c 0x00000000   Number         0  stm32f4xx_hal_rcc.o ABSOLUTE
    ..\Drivers\STM32F4xx_HAL_Driver\Src\stm32f4xx_hal_rcc_ex.c 0x00000000   Number         0  stm32f4xx_hal_rcc_ex.o ABSOLUTE
    ..\Drivers\STM32F4xx_HAL_Driver\Src\stm32f4xx_hal_tim.c 0x00000000   Number         0  stm32f4xx_hal_tim.o ABSOLUTE
    ..\Drivers\STM32F4xx_HAL_Driver\Src\stm32f4xx_hal_tim_ex.c 0x00000000   Number         0  stm32f4xx_hal_tim_ex.o ABSOLUTE
    ..\Drivers\STM32F4xx_HAL_Driver\Src\stm32f4xx_hal_uart.c 0x00000000   Number         0  stm32f4xx_hal_uart.o ABSOLUTE
    ..\MPU6050\eMPL\inv_mpu.c                0x00000000   Number         0  inv_mpu.o ABSOLUTE
    ..\MPU6050\eMPL\inv_mpu_dmp_motion_driver.c 0x00000000   Number         0  inv_mpu_dmp_motion_driver.o ABSOLUTE
    ..\MPU6050\mpu6050.c                     0x00000000   Number         0  mpu6050.o ABSOLUTE
    ..\MPU6050\mpuiic.c                      0x00000000   Number         0  mpuiic.o ABSOLUTE
    ..\User\C\Delay.c                        0x00000000   Number         0  delay.o ABSOLUTE
    ..\User\C\Print.c                        0x00000000   Number         0  print.o ABSOLUTE
    ..\\MPU6050\\eMPL\\inv_mpu.c             0x00000000   Number         0  inv_mpu.o ABSOLUTE
    ..\\MPU6050\\eMPL\\inv_mpu_dmp_motion_driver.c 0x00000000   Number         0  inv_mpu_dmp_motion_driver.o ABSOLUTE
    ..\\MPU6050\\mpu6050.c                   0x00000000   Number         0  mpu6050.o ABSOLUTE
    ..\\MPU6050\\mpuiic.c                    0x00000000   Number         0  mpuiic.o ABSOLUTE
    ..\\User\\C\\Delay.c                     0x00000000   Number         0  delay.o ABSOLUTE
    ..\\User\\C\\Print.c                     0x00000000   Number         0  print.o ABSOLUTE
    cdcmple.s                                0x00000000   Number         0  cdcmple.o ABSOLUTE
    cdrcmple.s                               0x00000000   Number         0  cdrcmple.o ABSOLUTE
    dc.s                                     0x00000000   Number         0  dc.o ABSOLUTE
    handlers.s                               0x00000000   Number         0  handlers.o ABSOLUTE
    init.s                                   0x00000000   Number         0  init.o ABSOLUTE
    startup_stm32f401xc.s                    0x00000000   Number         0  startup_stm32f401xc.o ABSOLUTE
    RESET                                    0x08000000   Section      404  startup_stm32f401xc.o(RESET)
    .ARM.Collect$$$$00000000                 0x08000194   Section        0  entry.o(.ARM.Collect$$$$00000000)
    .ARM.Collect$$$$00000001                 0x08000194   Section        4  entry2.o(.ARM.Collect$$$$00000001)
    .ARM.Collect$$$$00000004                 0x08000198   Section        4  entry5.o(.ARM.Collect$$$$00000004)
    .ARM.Collect$$$$00000008                 0x0800019c   Section        0  entry7b.o(.ARM.Collect$$$$00000008)
    .ARM.Collect$$$$0000000A                 0x0800019c   Section        0  entry8b.o(.ARM.Collect$$$$0000000A)
    .ARM.Collect$$$$0000000B                 0x0800019c   Section        8  entry9a.o(.ARM.Collect$$$$0000000B)
    .ARM.Collect$$$$0000000D                 0x080001a4   Section        0  entry10a.o(.ARM.Collect$$$$0000000D)
    .ARM.Collect$$$$0000000F                 0x080001a4   Section        0  entry11a.o(.ARM.Collect$$$$0000000F)
    .ARM.Collect$$$$00002712                 0x080001a4   Section        4  entry2.o(.ARM.Collect$$$$00002712)
    __lit__00000000                          0x080001a4   Data           4  entry2.o(.ARM.Collect$$$$00002712)
    .text                                    0x080001a8   Section       36  startup_stm32f401xc.o(.text)
    $v0                                      0x080001a8   Number         0  startup_stm32f401xc.o(.text)
    .text                                    0x080001cc   Section        0  uldiv.o(.text)
    .text                                    0x0800022e   Section        0  ldiv.o(.text)
    .text                                    0x08000290   Section        0  memseta.o(.text)
    .text                                    0x080002b4   Section        0  memcmp.o(.text)
    .text                                    0x080002ce   Section        0  dadd.o(.text)
    .text                                    0x0800041c   Section        0  dmul.o(.text)
    .text                                    0x08000500   Section        0  ddiv.o(.text)
    .text                                    0x080005de   Section        0  f2d.o(.text)
    .text                                    0x08000604   Section        0  d2f.o(.text)
    .text                                    0x0800063c   Section        0  uidiv.o(.text)
    .text                                    0x08000668   Section        0  llshl.o(.text)
    .text                                    0x08000686   Section        0  llushr.o(.text)
    .text                                    0x080006a6   Section        0  llsshr.o(.text)
    .text                                    0x080006ca   Section        0  fepilogue.o(.text)
    .text                                    0x080006ca   Section        0  iusefp.o(.text)
    .text                                    0x08000738   Section        0  depilogue.o(.text)
    .text                                    0x080007f2   Section        0  dfixul.o(.text)
    .text                                    0x08000824   Section       48  cdrcmple.o(.text)
    .text                                    0x08000854   Section       36  init.o(.text)
    .text                                    0x08000878   Section        0  dsqrt.o(.text)
    i.BusFault_Handler                       0x0800091a   Section        0  stm32f4xx_it.o(i.BusFault_Handler)
    i.DebugMon_Handler                       0x0800091c   Section        0  stm32f4xx_it.o(i.DebugMon_Handler)
    i.Error_Handler                          0x0800091e   Section        0  main.o(i.Error_Handler)
    i.HAL_Delay                              0x08000924   Section        0  stm32f4xx_hal.o(i.HAL_Delay)
    i.HAL_GPIO_Init                          0x08000948   Section        0  stm32f4xx_hal_gpio.o(i.HAL_GPIO_Init)
    i.HAL_GPIO_ReadPin                       0x08000b28   Section        0  stm32f4xx_hal_gpio.o(i.HAL_GPIO_ReadPin)
    i.HAL_GPIO_WritePin                      0x08000b32   Section        0  stm32f4xx_hal_gpio.o(i.HAL_GPIO_WritePin)
    i.HAL_GetTick                            0x08000b3c   Section        0  stm32f4xx_hal.o(i.HAL_GetTick)
    i.HAL_I2C_Init                           0x08000b48   Section        0  stm32f4xx_hal_i2c.o(i.HAL_I2C_Init)
    i.HAL_I2C_MspInit                        0x08000cd0   Section        0  i2c.o(i.HAL_I2C_MspInit)
    i.HAL_IncTick                            0x08000d54   Section        0  stm32f4xx_hal.o(i.HAL_IncTick)
    i.HAL_Init                               0x08000d64   Section        0  stm32f4xx_hal.o(i.HAL_Init)
    i.HAL_InitTick                           0x08000d98   Section        0  stm32f4xx_hal.o(i.HAL_InitTick)
    i.HAL_MspInit                            0x08000dd8   Section        0  stm32f4xx_hal_msp.o(i.HAL_MspInit)
    i.HAL_NVIC_EnableIRQ                     0x08000e08   Section        0  stm32f4xx_hal_cortex.o(i.HAL_NVIC_EnableIRQ)
    i.HAL_NVIC_SetPriority                   0x08000e24   Section        0  stm32f4xx_hal_cortex.o(i.HAL_NVIC_SetPriority)
    i.HAL_NVIC_SetPriorityGrouping           0x08000e64   Section        0  stm32f4xx_hal_cortex.o(i.HAL_NVIC_SetPriorityGrouping)
    i.HAL_RCC_ClockConfig                    0x08000e88   Section        0  stm32f4xx_hal_rcc.o(i.HAL_RCC_ClockConfig)
    i.HAL_RCC_GetPCLK1Freq                   0x08000fbc   Section        0  stm32f4xx_hal_rcc.o(i.HAL_RCC_GetPCLK1Freq)
    i.HAL_RCC_GetPCLK2Freq                   0x08000fdc   Section        0  stm32f4xx_hal_rcc.o(i.HAL_RCC_GetPCLK2Freq)
    i.HAL_RCC_GetSysClockFreq                0x08000ffc   Section        0  stm32f4xx_hal_rcc.o(i.HAL_RCC_GetSysClockFreq)
    i.HAL_RCC_OscConfig                      0x08001060   Section        0  stm32f4xx_hal_rcc.o(i.HAL_RCC_OscConfig)
    i.HAL_SYSTICK_Config                     0x080013cc   Section        0  stm32f4xx_hal_cortex.o(i.HAL_SYSTICK_Config)
    i.HAL_TIMEx_BreakCallback                0x080013f4   Section        0  stm32f4xx_hal_tim_ex.o(i.HAL_TIMEx_BreakCallback)
    i.HAL_TIMEx_CommutCallback               0x080013f6   Section        0  stm32f4xx_hal_tim_ex.o(i.HAL_TIMEx_CommutCallback)
    i.HAL_TIM_Base_Init                      0x080013f8   Section        0  stm32f4xx_hal_tim.o(i.HAL_TIM_Base_Init)
    i.HAL_TIM_Base_MspInit                   0x08001454   Section        0  tim.o(i.HAL_TIM_Base_MspInit)
    i.HAL_TIM_ConfigClockSource              0x08001490   Section        0  stm32f4xx_hal_tim.o(i.HAL_TIM_ConfigClockSource)
    i.HAL_TIM_IC_CaptureCallback             0x0800156c   Section        0  stm32f4xx_hal_tim.o(i.HAL_TIM_IC_CaptureCallback)
    i.HAL_TIM_IRQHandler                     0x0800156e   Section        0  stm32f4xx_hal_tim.o(i.HAL_TIM_IRQHandler)
    i.HAL_TIM_OC_DelayElapsedCallback        0x080016d4   Section        0  stm32f4xx_hal_tim.o(i.HAL_TIM_OC_DelayElapsedCallback)
    i.HAL_TIM_PWM_PulseFinishedCallback      0x080016d6   Section        0  stm32f4xx_hal_tim.o(i.HAL_TIM_PWM_PulseFinishedCallback)
    i.HAL_TIM_PeriodElapsedCallback          0x080016d8   Section        0  stm32f4xx_hal_tim.o(i.HAL_TIM_PeriodElapsedCallback)
    i.HAL_TIM_TriggerCallback                0x080016da   Section        0  stm32f4xx_hal_tim.o(i.HAL_TIM_TriggerCallback)
    i.HAL_UART_Init                          0x080016dc   Section        0  stm32f4xx_hal_uart.o(i.HAL_UART_Init)
    i.HAL_UART_MspInit                       0x08001740   Section        0  usart.o(i.HAL_UART_MspInit)
    i.HAL_UART_Transmit                      0x080017ac   Section        0  stm32f4xx_hal_uart.o(i.HAL_UART_Transmit)
    i.HardFault_Handler                      0x0800185e   Section        0  stm32f4xx_it.o(i.HardFault_Handler)
    i.I2C_Delay                              0x08001860   Section        0  mpuiic.o(i.I2C_Delay)
    i.I2C_End                                0x08001868   Section        0  mpuiic.o(i.I2C_End)
    i.I2C_ReadByte                           0x0800189c   Section        0  mpuiic.o(i.I2C_ReadByte)
    i.I2C_SendByte                           0x080018f8   Section        0  mpuiic.o(i.I2C_SendByte)
    i.I2C_Start                              0x08001944   Section        0  mpuiic.o(i.I2C_Start)
    i.IIC_Get_ACK                            0x08001980   Section        0  mpuiic.o(i.IIC_Get_ACK)
    i.IIC_Send_ACK                           0x080019bc   Section        0  mpuiic.o(i.IIC_Send_ACK)
    i.MPU_Init                               0x080019f8   Section        0  mpu6050.o(i.MPU_Init)
    i.MPU_Read_Byte                          0x08001a62   Section        0  mpuiic.o(i.MPU_Read_Byte)
    i.MPU_Read_Len                           0x08001a90   Section        0  mpuiic.o(i.MPU_Read_Len)
    i.MPU_Set_Accel_Fsr                      0x08001ae6   Section        0  mpu6050.o(i.MPU_Set_Accel_Fsr)
    i.MPU_Set_Gyro_Fsr                       0x08001af0   Section        0  mpu6050.o(i.MPU_Set_Gyro_Fsr)
    i.MPU_Set_LPF                            0x08001afa   Section        0  mpu6050.o(i.MPU_Set_LPF)
    i.MPU_Set_Rate                           0x08001b2a   Section        0  mpu6050.o(i.MPU_Set_Rate)
    i.MPU_Write_Byte                         0x08001b58   Section        0  mpuiic.o(i.MPU_Write_Byte)
    i.MPU_Write_Len                          0x08001b7c   Section        0  mpuiic.o(i.MPU_Write_Len)
    i.MX_GPIO_Init                           0x08001bb8   Section        0  gpio.o(i.MX_GPIO_Init)
    i.MX_I2C2_Init                           0x08001c24   Section        0  i2c.o(i.MX_I2C2_Init)
    i.MX_TIM9_Init                           0x08001c64   Section        0  tim.o(i.MX_TIM9_Init)
    i.MX_USART1_UART_Init                    0x08001cb4   Section        0  usart.o(i.MX_USART1_UART_Init)
    i.MemManage_Handler                      0x08001cec   Section        0  stm32f4xx_it.o(i.MemManage_Handler)
    i.NMI_Handler                            0x08001cee   Section        0  stm32f4xx_it.o(i.NMI_Handler)
    i.PendSV_Handler                         0x08001cf0   Section        0  stm32f4xx_it.o(i.PendSV_Handler)
    i.SVC_Handler                            0x08001cf2   Section        0  stm32f4xx_it.o(i.SVC_Handler)
    i.SysTick_Handler                        0x08001cf4   Section        0  stm32f4xx_it.o(i.SysTick_Handler)
    i.SystemClock_Config                     0x08001cf8   Section        0  main.o(i.SystemClock_Config)
    i.SystemInit                             0x08001d8c   Section        0  system_stm32f4xx.o(i.SystemInit)
    i.TIM1_BRK_TIM9_IRQHandler               0x08001d9c   Section        0  stm32f4xx_it.o(i.TIM1_BRK_TIM9_IRQHandler)
    i.TIM_Base_SetConfig                     0x08001da8   Section        0  stm32f4xx_hal_tim.o(i.TIM_Base_SetConfig)
    i.TIM_ETR_SetConfig                      0x08001e40   Section        0  stm32f4xx_hal_tim.o(i.TIM_ETR_SetConfig)
    i.TIM_ITRx_SetConfig                     0x08001e54   Section        0  stm32f4xx_hal_tim.o(i.TIM_ITRx_SetConfig)
    TIM_ITRx_SetConfig                       0x08001e55   Thumb Code    16  stm32f4xx_hal_tim.o(i.TIM_ITRx_SetConfig)
    i.TIM_TI1_ConfigInputStage               0x08001e64   Section        0  stm32f4xx_hal_tim.o(i.TIM_TI1_ConfigInputStage)
    TIM_TI1_ConfigInputStage                 0x08001e65   Thumb Code    34  stm32f4xx_hal_tim.o(i.TIM_TI1_ConfigInputStage)
    i.TIM_TI2_ConfigInputStage               0x08001e86   Section        0  stm32f4xx_hal_tim.o(i.TIM_TI2_ConfigInputStage)
    TIM_TI2_ConfigInputStage                 0x08001e87   Thumb Code    36  stm32f4xx_hal_tim.o(i.TIM_TI2_ConfigInputStage)
    i.UART_SetConfig                         0x08001eac   Section        0  stm32f4xx_hal_uart.o(i.UART_SetConfig)
    UART_SetConfig                           0x08001ead   Thumb Code   258  stm32f4xx_hal_uart.o(i.UART_SetConfig)
    i.UART_WaitOnFlagUntilTimeout            0x08001fb8   Section        0  stm32f4xx_hal_uart.o(i.UART_WaitOnFlagUntilTimeout)
    UART_WaitOnFlagUntilTimeout              0x08001fb9   Thumb Code   120  stm32f4xx_hal_uart.o(i.UART_WaitOnFlagUntilTimeout)
    i.UsageFault_Handler                     0x08002030   Section        0  stm32f4xx_it.o(i.UsageFault_Handler)
    i.__0printf                              0x08002034   Section        0  printfa.o(i.__0printf)
    i.__ARM_fpclassify                       0x08002054   Section        0  fpclassify.o(i.__ARM_fpclassify)
    i.__NVIC_SetPriority                     0x08002084   Section        0  stm32f4xx_hal_cortex.o(i.__NVIC_SetPriority)
    __NVIC_SetPriority                       0x08002085   Thumb Code    32  stm32f4xx_hal_cortex.o(i.__NVIC_SetPriority)
    i.__hardfp_asin                          0x080020a8   Section        0  asin.o(i.__hardfp_asin)
    i.__hardfp_atan                          0x08002408   Section        0  atan.o(i.__hardfp_atan)
    i.__hardfp_atan2                         0x080026e0   Section        0  atan2.o(i.__hardfp_atan2)
    i.__kernel_poly                          0x080028d0   Section        0  poly.o(i.__kernel_poly)
    i.__mathlib_dbl_infnan                   0x080029c8   Section        0  dunder.o(i.__mathlib_dbl_infnan)
    i.__mathlib_dbl_infnan2                  0x080029dc   Section        0  dunder.o(i.__mathlib_dbl_infnan2)
    i.__mathlib_dbl_invalid                  0x080029f0   Section        0  dunder.o(i.__mathlib_dbl_invalid)
    i.__mathlib_dbl_underflow                0x08002a10   Section        0  dunder.o(i.__mathlib_dbl_underflow)
    i.__scatterload_copy                     0x08002a30   Section       14  handlers.o(i.__scatterload_copy)
    i.__scatterload_null                     0x08002a3e   Section        2  handlers.o(i.__scatterload_null)
    i.__scatterload_zeroinit                 0x08002a40   Section       14  handlers.o(i.__scatterload_zeroinit)
    i.__set_errno                            0x08002a50   Section        0  errno.o(i.__set_errno)
    i._fp_digits                             0x08002a5c   Section        0  printfa.o(i._fp_digits)
    _fp_digits                               0x08002a5d   Thumb Code   334  printfa.o(i._fp_digits)
    i._printf_core                           0x08002bc0   Section        0  printfa.o(i._printf_core)
    _printf_core                             0x08002bc1   Thumb Code  1744  printfa.o(i._printf_core)
    i._printf_post_padding                   0x0800329c   Section        0  printfa.o(i._printf_post_padding)
    _printf_post_padding                     0x0800329d   Thumb Code    36  printfa.o(i._printf_post_padding)
    i._printf_pre_padding                    0x080032c0   Section        0  printfa.o(i._printf_pre_padding)
    _printf_pre_padding                      0x080032c1   Thumb Code    46  printfa.o(i._printf_pre_padding)
    i.accel_self_test                        0x080032f0   Section        0  inv_mpu.o(i.accel_self_test)
    accel_self_test                          0x080032f1   Thumb Code   126  inv_mpu.o(i.accel_self_test)
    i.atan                                   0x08003380   Section        0  atan.o(i.atan)
    i.dmp_enable_6x_lp_quat                  0x08003390   Section        0  inv_mpu_dmp_motion_driver.o(i.dmp_enable_6x_lp_quat)
    i.dmp_enable_feature                     0x080033cc   Section        0  inv_mpu_dmp_motion_driver.o(i.dmp_enable_feature)
    i.dmp_enable_gyro_cal                    0x080035a4   Section        0  inv_mpu_dmp_motion_driver.o(i.dmp_enable_gyro_cal)
    i.dmp_enable_lp_quat                     0x080035e0   Section        0  inv_mpu_dmp_motion_driver.o(i.dmp_enable_lp_quat)
    i.dmp_load_motion_driver_firmware        0x0800361c   Section        0  inv_mpu_dmp_motion_driver.o(i.dmp_load_motion_driver_firmware)
    i.dmp_read_fifo                          0x08003630   Section        0  inv_mpu_dmp_motion_driver.o(i.dmp_read_fifo)
    i.dmp_set_accel_bias                     0x08003778   Section        0  inv_mpu_dmp_motion_driver.o(i.dmp_set_accel_bias)
    i.dmp_set_fifo_rate                      0x08003850   Section        0  inv_mpu_dmp_motion_driver.o(i.dmp_set_fifo_rate)
    i.dmp_set_gyro_bias                      0x080038b4   Section        0  inv_mpu_dmp_motion_driver.o(i.dmp_set_gyro_bias)
    i.dmp_set_orientation                    0x08003980   Section        0  inv_mpu_dmp_motion_driver.o(i.dmp_set_orientation)
    i.dmp_set_shake_reject_thresh            0x08003a8c   Section        0  inv_mpu_dmp_motion_driver.o(i.dmp_set_shake_reject_thresh)
    i.dmp_set_shake_reject_time              0x08003abc   Section        0  inv_mpu_dmp_motion_driver.o(i.dmp_set_shake_reject_time)
    i.dmp_set_shake_reject_timeout           0x08003adc   Section        0  inv_mpu_dmp_motion_driver.o(i.dmp_set_shake_reject_timeout)
    i.dmp_set_tap_axes                       0x08003afc   Section        0  inv_mpu_dmp_motion_driver.o(i.dmp_set_tap_axes)
    i.dmp_set_tap_count                      0x08003b3c   Section        0  inv_mpu_dmp_motion_driver.o(i.dmp_set_tap_count)
    i.dmp_set_tap_thresh                     0x08003b60   Section        0  inv_mpu_dmp_motion_driver.o(i.dmp_set_tap_thresh)
    i.dmp_set_tap_time                       0x08003cc0   Section        0  inv_mpu_dmp_motion_driver.o(i.dmp_set_tap_time)
    i.dmp_set_tap_time_multi                 0x08003ce0   Section        0  inv_mpu_dmp_motion_driver.o(i.dmp_set_tap_time_multi)
    i.fabs                                   0x08003d00   Section        0  fabs.o(i.fabs)
    i.fputc                                  0x08003d18   Section        0  print.o(i.fputc)
    i.get_accel_prod_shift                   0x08003d30   Section        0  inv_mpu.o(i.get_accel_prod_shift)
    get_accel_prod_shift                     0x08003d31   Thumb Code   164  inv_mpu.o(i.get_accel_prod_shift)
    i.get_st_biases                          0x08003de4   Section        0  inv_mpu.o(i.get_st_biases)
    get_st_biases                            0x08003de5   Thumb Code   784  inv_mpu.o(i.get_st_biases)
    i.gyro_self_test                         0x080040f8   Section        0  inv_mpu.o(i.gyro_self_test)
    gyro_self_test                           0x080040f9   Thumb Code   190  inv_mpu.o(i.gyro_self_test)
    i.inv_orientation_matrix_to_scalar       0x080041cc   Section        0  inv_mpu.o(i.inv_orientation_matrix_to_scalar)
    i.inv_row_2_scale                        0x080041ee   Section        0  inv_mpu.o(i.inv_row_2_scale)
    i.main                                   0x08004238   Section        0  main.o(i.main)
    i.mget_ms                                0x080042d4   Section        0  inv_mpu.o(i.mget_ms)
    i.mpu_configure_fifo                     0x080042d8   Section        0  inv_mpu.o(i.mpu_configure_fifo)
    i.mpu_dmp_get_data                       0x0800432c   Section        0  inv_mpu.o(i.mpu_dmp_get_data)
    i.mpu_dmp_init                           0x08004490   Section        0  inv_mpu.o(i.mpu_dmp_init)
    i.mpu_get_accel_fsr                      0x08004528   Section        0  inv_mpu.o(i.mpu_get_accel_fsr)
    i.mpu_get_accel_sens                     0x08004564   Section        0  inv_mpu.o(i.mpu_get_accel_sens)
    i.mpu_get_gyro_fsr                       0x080045a8   Section        0  inv_mpu.o(i.mpu_get_gyro_fsr)
    i.mpu_get_gyro_sens                      0x080045dc   Section        0  inv_mpu.o(i.mpu_get_gyro_sens)
    i.mpu_get_lpf                            0x08004628   Section        0  inv_mpu.o(i.mpu_get_lpf)
    i.mpu_get_sample_rate                    0x08004660   Section        0  inv_mpu.o(i.mpu_get_sample_rate)
    i.mpu_init                               0x0800467c   Section        0  inv_mpu.o(i.mpu_init)
    i.mpu_load_firmware                      0x080047d4   Section        0  inv_mpu.o(i.mpu_load_firmware)
    i.mpu_lp_accel_mode                      0x08004874   Section        0  inv_mpu.o(i.mpu_lp_accel_mode)
    i.mpu_read_fifo_stream                   0x0800492c   Section        0  inv_mpu.o(i.mpu_read_fifo_stream)
    i.mpu_read_mem                           0x080049bc   Section        0  inv_mpu.o(i.mpu_read_mem)
    i.mpu_reset_fifo                         0x08004a10   Section        0  inv_mpu.o(i.mpu_reset_fifo)
    i.mpu_run_self_test                      0x08004b70   Section        0  inv_mpu.o(i.mpu_run_self_test)
    i.mpu_set_accel_fsr                      0x08004c60   Section        0  inv_mpu.o(i.mpu_set_accel_fsr)
    i.mpu_set_bypass                         0x08004cc8   Section        0  inv_mpu.o(i.mpu_set_bypass)
    i.mpu_set_dmp_state                      0x08004da4   Section        0  inv_mpu.o(i.mpu_set_dmp_state)
    i.mpu_set_gyro_fsr                       0x08004e1c   Section        0  inv_mpu.o(i.mpu_set_gyro_fsr)
    i.mpu_set_int_latched                    0x08004e88   Section        0  inv_mpu.o(i.mpu_set_int_latched)
    i.mpu_set_lpf                            0x08004eec   Section        0  inv_mpu.o(i.mpu_set_lpf)
    i.mpu_set_sample_rate                    0x08004f58   Section        0  inv_mpu.o(i.mpu_set_sample_rate)
    i.mpu_set_sensors                        0x08004fd8   Section        0  inv_mpu.o(i.mpu_set_sensors)
    i.mpu_write_mem                          0x08005090   Section        0  inv_mpu.o(i.mpu_write_mem)
    i.run_self_test                          0x080050e4   Section        0  inv_mpu.o(i.run_self_test)
    i.set_int_enable                         0x0800516c   Section        0  inv_mpu.o(i.set_int_enable)
    set_int_enable                           0x0800516d   Thumb Code    84  inv_mpu.o(i.set_int_enable)
    i.sqrt                                   0x080051c4   Section        0  sqrt.o(i.sqrt)
    .constdata                               0x08005232   Section       16  system_stm32f4xx.o(.constdata)
    .constdata                               0x08005242   Section        8  system_stm32f4xx.o(.constdata)
    .constdata                               0x0800524a   Section       27  inv_mpu.o(.constdata)
    .constdata                               0x08005266   Section       12  inv_mpu.o(.constdata)
    .constdata                               0x08005274   Section       40  inv_mpu.o(.constdata)
    .constdata                               0x0800529c   Section     3062  inv_mpu_dmp_motion_driver.o(.constdata)
    dmp_memory                               0x0800529c   Data        3062  inv_mpu_dmp_motion_driver.o(.constdata)
    .constdata                               0x08005e98   Section       80  asin.o(.constdata)
    pS                                       0x08005e98   Data          48  asin.o(.constdata)
    qS                                       0x08005ec8   Data          32  asin.o(.constdata)
    .constdata                               0x08005ee8   Section      152  atan.o(.constdata)
    atanhi                                   0x08005ee8   Data          32  atan.o(.constdata)
    atanlo                                   0x08005f08   Data          32  atan.o(.constdata)
    aTodd                                    0x08005f28   Data          40  atan.o(.constdata)
    aTeven                                   0x08005f50   Data          48  atan.o(.constdata)
    .constdata                               0x08005f80   Section        8  qnan.o(.constdata)
    .conststring                             0x08005f88   Section       77  inv_mpu.o(.conststring)
    .data                                    0x20000000   Section       12  stm32f4xx_hal.o(.data)
    .data                                    0x2000000c   Section        4  system_stm32f4xx.o(.data)
    .data                                    0x20000010   Section       53  inv_mpu.o(.data)
    st                                       0x20000010   Data          44  inv_mpu.o(.data)
    gyro_orientation                         0x2000003c   Data           9  inv_mpu.o(.data)
    .data                                    0x20000048   Section        4  stdout.o(.data)
    .data                                    0x2000004c   Section        4  errno.o(.data)
    _errno                                   0x2000004c   Data           4  errno.o(.data)
    .bss                                     0x20000050   Section       84  i2c.o(.bss)
    .bss                                     0x200000a4   Section       72  tim.o(.bss)
    .bss                                     0x200000ec   Section       68  usart.o(.bss)
    .bss                                     0x20000130   Section       16  inv_mpu_dmp_motion_driver.o(.bss)
    dmp                                      0x20000130   Data          16  inv_mpu_dmp_motion_driver.o(.bss)
    STACK                                    0x20000140   Section     1024  startup_stm32f401xc.o(STACK)

    Global Symbols

    Symbol Name                              Value     Ov Type        Size  Object(Section)

    BuildAttributes$$THM_ISAv4$E$P$D$K$B$S$7EM$VFPi3$EXTD16$VFPS$VFMA$PE$A:L22UL41UL21$X:L11$S22US41US21$IEEE1$IW$USESV6$~STKCKD$USESV7$~SHL$OTIME$ROPI$IEEEX$EBA8$MICROLIB$REQ8$PRES8$EABIv2 0x00000000   Number         0  anon$$obj.o ABSOLUTE
    __ARM_use_no_argv                        0x00000000   Number         0  main.o ABSOLUTE
    _printf_a                                0x00000000   Number         0  stubs.o ABSOLUTE
    _printf_c                                0x00000000   Number         0  stubs.o ABSOLUTE
    _printf_charcount                        0x00000000   Number         0  stubs.o ABSOLUTE
    _printf_d                                0x00000000   Number         0  stubs.o ABSOLUTE
    _printf_e                                0x00000000   Number         0  stubs.o ABSOLUTE
    _printf_f                                0x00000000   Number         0  stubs.o ABSOLUTE
    _printf_flags                            0x00000000   Number         0  stubs.o ABSOLUTE
    _printf_fp_dec                           0x00000000   Number         0  stubs.o ABSOLUTE
    _printf_fp_hex                           0x00000000   Number         0  stubs.o ABSOLUTE
    _printf_g                                0x00000000   Number         0  stubs.o ABSOLUTE
    _printf_i                                0x00000000   Number         0  stubs.o ABSOLUTE
    _printf_int_dec                          0x00000000   Number         0  stubs.o ABSOLUTE
    _printf_l                                0x00000000   Number         0  stubs.o ABSOLUTE
    _printf_lc                               0x00000000   Number         0  stubs.o ABSOLUTE
    _printf_ll                               0x00000000   Number         0  stubs.o ABSOLUTE
    _printf_lld                              0x00000000   Number         0  stubs.o ABSOLUTE
    _printf_lli                              0x00000000   Number         0  stubs.o ABSOLUTE
    _printf_llo                              0x00000000   Number         0  stubs.o ABSOLUTE
    _printf_llu                              0x00000000   Number         0  stubs.o ABSOLUTE
    _printf_llx                              0x00000000   Number         0  stubs.o ABSOLUTE
    _printf_longlong_dec                     0x00000000   Number         0  stubs.o ABSOLUTE
    _printf_longlong_hex                     0x00000000   Number         0  stubs.o ABSOLUTE
    _printf_longlong_oct                     0x00000000   Number         0  stubs.o ABSOLUTE
    _printf_ls                               0x00000000   Number         0  stubs.o ABSOLUTE
    _printf_mbtowc                           0x00000000   Number         0  stubs.o ABSOLUTE
    _printf_n                                0x00000000   Number         0  stubs.o ABSOLUTE
    _printf_o                                0x00000000   Number         0  stubs.o ABSOLUTE
    _printf_p                                0x00000000   Number         0  stubs.o ABSOLUTE
    _printf_percent                          0x00000000   Number         0  stubs.o ABSOLUTE
    _printf_pre_padding                      0x00000000   Number         0  stubs.o ABSOLUTE
    _printf_return_value                     0x00000000   Number         0  stubs.o ABSOLUTE
    _printf_s                                0x00000000   Number         0  stubs.o ABSOLUTE
    _printf_sizespec                         0x00000000   Number         0  stubs.o ABSOLUTE
    _printf_str                              0x00000000   Number         0  stubs.o ABSOLUTE
    _printf_truncate_signed                  0x00000000   Number         0  stubs.o ABSOLUTE
    _printf_truncate_unsigned                0x00000000   Number         0  stubs.o ABSOLUTE
    _printf_u                                0x00000000   Number         0  stubs.o ABSOLUTE
    _printf_wc                               0x00000000   Number         0  stubs.o ABSOLUTE
    _printf_wctomb                           0x00000000   Number         0  stubs.o ABSOLUTE
    _printf_widthprec                        0x00000000   Number         0  stubs.o ABSOLUTE
    _printf_x                                0x00000000   Number         0  stubs.o ABSOLUTE
    __cpp_initialize__aeabi_                  - Undefined Weak Reference
    __cxa_finalize                            - Undefined Weak Reference
    __decompress                              - Undefined Weak Reference
    _clock_init                               - Undefined Weak Reference
    _microlib_exit                            - Undefined Weak Reference
    __Vectors_Size                           0x00000194   Number         0  startup_stm32f401xc.o ABSOLUTE
    __Vectors                                0x08000000   Data           4  startup_stm32f401xc.o(RESET)
    __Vectors_End                            0x08000194   Data           0  startup_stm32f401xc.o(RESET)
    __main                                   0x08000195   Thumb Code     0  entry.o(.ARM.Collect$$$$00000000)
    _main_stk                                0x08000195   Thumb Code     0  entry2.o(.ARM.Collect$$$$00000001)
    _main_scatterload                        0x08000199   Thumb Code     0  entry5.o(.ARM.Collect$$$$00000004)
    __main_after_scatterload                 0x0800019d   Thumb Code     0  entry5.o(.ARM.Collect$$$$00000004)
    _main_clock                              0x0800019d   Thumb Code     0  entry7b.o(.ARM.Collect$$$$00000008)
    _main_cpp_init                           0x0800019d   Thumb Code     0  entry8b.o(.ARM.Collect$$$$0000000A)
    _main_init                               0x0800019d   Thumb Code     0  entry9a.o(.ARM.Collect$$$$0000000B)
    __rt_final_cpp                           0x080001a5   Thumb Code     0  entry10a.o(.ARM.Collect$$$$0000000D)
    __rt_final_exit                          0x080001a5   Thumb Code     0  entry11a.o(.ARM.Collect$$$$0000000F)
    Reset_Handler                            0x080001a9   Thumb Code     8  startup_stm32f401xc.o(.text)
    ADC_IRQHandler                           0x080001c3   Thumb Code     0  startup_stm32f401xc.o(.text)
    DMA1_Stream0_IRQHandler                  0x080001c3   Thumb Code     0  startup_stm32f401xc.o(.text)
    DMA1_Stream1_IRQHandler                  0x080001c3   Thumb Code     0  startup_stm32f401xc.o(.text)
    DMA1_Stream2_IRQHandler                  0x080001c3   Thumb Code     0  startup_stm32f401xc.o(.text)
    DMA1_Stream3_IRQHandler                  0x080001c3   Thumb Code     0  startup_stm32f401xc.o(.text)
    DMA1_Stream4_IRQHandler                  0x080001c3   Thumb Code     0  startup_stm32f401xc.o(.text)
    DMA1_Stream5_IRQHandler                  0x080001c3   Thumb Code     0  startup_stm32f401xc.o(.text)
    DMA1_Stream6_IRQHandler                  0x080001c3   Thumb Code     0  startup_stm32f401xc.o(.text)
    DMA1_Stream7_IRQHandler                  0x080001c3   Thumb Code     0  startup_stm32f401xc.o(.text)
    DMA2_Stream0_IRQHandler                  0x080001c3   Thumb Code     0  startup_stm32f401xc.o(.text)
    DMA2_Stream1_IRQHandler                  0x080001c3   Thumb Code     0  startup_stm32f401xc.o(.text)
    DMA2_Stream2_IRQHandler                  0x080001c3   Thumb Code     0  startup_stm32f401xc.o(.text)
    DMA2_Stream3_IRQHandler                  0x080001c3   Thumb Code     0  startup_stm32f401xc.o(.text)
    DMA2_Stream4_IRQHandler                  0x080001c3   Thumb Code     0  startup_stm32f401xc.o(.text)
    DMA2_Stream5_IRQHandler                  0x080001c3   Thumb Code     0  startup_stm32f401xc.o(.text)
    DMA2_Stream6_IRQHandler                  0x080001c3   Thumb Code     0  startup_stm32f401xc.o(.text)
    DMA2_Stream7_IRQHandler                  0x080001c3   Thumb Code     0  startup_stm32f401xc.o(.text)
    EXTI0_IRQHandler                         0x080001c3   Thumb Code     0  startup_stm32f401xc.o(.text)
    EXTI15_10_IRQHandler                     0x080001c3   Thumb Code     0  startup_stm32f401xc.o(.text)
    EXTI1_IRQHandler                         0x080001c3   Thumb Code     0  startup_stm32f401xc.o(.text)
    EXTI2_IRQHandler                         0x080001c3   Thumb Code     0  startup_stm32f401xc.o(.text)
    EXTI3_IRQHandler                         0x080001c3   Thumb Code     0  startup_stm32f401xc.o(.text)
    EXTI4_IRQHandler                         0x080001c3   Thumb Code     0  startup_stm32f401xc.o(.text)
    EXTI9_5_IRQHandler                       0x080001c3   Thumb Code     0  startup_stm32f401xc.o(.text)
    FLASH_IRQHandler                         0x080001c3   Thumb Code     0  startup_stm32f401xc.o(.text)
    FPU_IRQHandler                           0x080001c3   Thumb Code     0  startup_stm32f401xc.o(.text)
    I2C1_ER_IRQHandler                       0x080001c3   Thumb Code     0  startup_stm32f401xc.o(.text)
    I2C1_EV_IRQHandler                       0x080001c3   Thumb Code     0  startup_stm32f401xc.o(.text)
    I2C2_ER_IRQHandler                       0x080001c3   Thumb Code     0  startup_stm32f401xc.o(.text)
    I2C2_EV_IRQHandler                       0x080001c3   Thumb Code     0  startup_stm32f401xc.o(.text)
    I2C3_ER_IRQHandler                       0x080001c3   Thumb Code     0  startup_stm32f401xc.o(.text)
    I2C3_EV_IRQHandler                       0x080001c3   Thumb Code     0  startup_stm32f401xc.o(.text)
    OTG_FS_IRQHandler                        0x080001c3   Thumb Code     0  startup_stm32f401xc.o(.text)
    OTG_FS_WKUP_IRQHandler                   0x080001c3   Thumb Code     0  startup_stm32f401xc.o(.text)
    PVD_IRQHandler                           0x080001c3   Thumb Code     0  startup_stm32f401xc.o(.text)
    RCC_IRQHandler                           0x080001c3   Thumb Code     0  startup_stm32f401xc.o(.text)
    RTC_Alarm_IRQHandler                     0x080001c3   Thumb Code     0  startup_stm32f401xc.o(.text)
    RTC_WKUP_IRQHandler                      0x080001c3   Thumb Code     0  startup_stm32f401xc.o(.text)
    SDIO_IRQHandler                          0x080001c3   Thumb Code     0  startup_stm32f401xc.o(.text)
    SPI1_IRQHandler                          0x080001c3   Thumb Code     0  startup_stm32f401xc.o(.text)
    SPI2_IRQHandler                          0x080001c3   Thumb Code     0  startup_stm32f401xc.o(.text)
    SPI3_IRQHandler                          0x080001c3   Thumb Code     0  startup_stm32f401xc.o(.text)
    SPI4_IRQHandler                          0x080001c3   Thumb Code     0  startup_stm32f401xc.o(.text)
    TAMP_STAMP_IRQHandler                    0x080001c3   Thumb Code     0  startup_stm32f401xc.o(.text)
    TIM1_CC_IRQHandler                       0x080001c3   Thumb Code     0  startup_stm32f401xc.o(.text)
    TIM1_TRG_COM_TIM11_IRQHandler            0x080001c3   Thumb Code     0  startup_stm32f401xc.o(.text)
    TIM1_UP_TIM10_IRQHandler                 0x080001c3   Thumb Code     0  startup_stm32f401xc.o(.text)
    TIM2_IRQHandler                          0x080001c3   Thumb Code     0  startup_stm32f401xc.o(.text)
    TIM3_IRQHandler                          0x080001c3   Thumb Code     0  startup_stm32f401xc.o(.text)
    TIM4_IRQHandler                          0x080001c3   Thumb Code     0  startup_stm32f401xc.o(.text)
    TIM5_IRQHandler                          0x080001c3   Thumb Code     0  startup_stm32f401xc.o(.text)
    USART1_IRQHandler                        0x080001c3   Thumb Code     0  startup_stm32f401xc.o(.text)
    USART2_IRQHandler                        0x080001c3   Thumb Code     0  startup_stm32f401xc.o(.text)
    USART6_IRQHandler                        0x080001c3   Thumb Code     0  startup_stm32f401xc.o(.text)
    WWDG_IRQHandler                          0x080001c3   Thumb Code     0  startup_stm32f401xc.o(.text)
    __aeabi_uldivmod                         0x080001cd   Thumb Code    98  uldiv.o(.text)
    __aeabi_ldivmod                          0x0800022f   Thumb Code    98  ldiv.o(.text)
    __aeabi_memset                           0x08000291   Thumb Code    14  memseta.o(.text)
    __aeabi_memset4                          0x08000291   Thumb Code     0  memseta.o(.text)
    __aeabi_memset8                          0x08000291   Thumb Code     0  memseta.o(.text)
    __aeabi_memclr                           0x0800029f   Thumb Code     4  memseta.o(.text)
    __aeabi_memclr4                          0x0800029f   Thumb Code     0  memseta.o(.text)
    __aeabi_memclr8                          0x0800029f   Thumb Code     0  memseta.o(.text)
    _memset$wrapper                          0x080002a3   Thumb Code    18  memseta.o(.text)
    memcmp                                   0x080002b5   Thumb Code    26  memcmp.o(.text)
    __aeabi_dadd                             0x080002cf   Thumb Code   322  dadd.o(.text)
    __aeabi_dsub                             0x08000411   Thumb Code     6  dadd.o(.text)
    __aeabi_drsub                            0x08000417   Thumb Code     6  dadd.o(.text)
    __aeabi_dmul                             0x0800041d   Thumb Code   228  dmul.o(.text)
    __aeabi_ddiv                             0x08000501   Thumb Code   222  ddiv.o(.text)
    __aeabi_f2d                              0x080005df   Thumb Code    38  f2d.o(.text)
    __aeabi_d2f                              0x08000605   Thumb Code    56  d2f.o(.text)
    __aeabi_uidiv                            0x0800063d   Thumb Code     0  uidiv.o(.text)
    __aeabi_uidivmod                         0x0800063d   Thumb Code    44  uidiv.o(.text)
    __aeabi_llsl                             0x08000669   Thumb Code    30  llshl.o(.text)
    _ll_shift_l                              0x08000669   Thumb Code     0  llshl.o(.text)
    __aeabi_llsr                             0x08000687   Thumb Code    32  llushr.o(.text)
    _ll_ushift_r                             0x08000687   Thumb Code     0  llushr.o(.text)
    __aeabi_lasr                             0x080006a7   Thumb Code    36  llsshr.o(.text)
    _ll_sshift_r                             0x080006a7   Thumb Code     0  llsshr.o(.text)
    __I$use$fp                               0x080006cb   Thumb Code     0  iusefp.o(.text)
    _float_round                             0x080006cb   Thumb Code    18  fepilogue.o(.text)
    _float_epilogue                          0x080006dd   Thumb Code    92  fepilogue.o(.text)
    _double_round                            0x08000739   Thumb Code    30  depilogue.o(.text)
    _double_epilogue                         0x08000757   Thumb Code   156  depilogue.o(.text)
    __aeabi_d2ulz                            0x080007f3   Thumb Code    48  dfixul.o(.text)
    __aeabi_cdrcmple                         0x08000825   Thumb Code    48  cdrcmple.o(.text)
    __scatterload                            0x08000855   Thumb Code    28  init.o(.text)
    __scatterload_rt2                        0x08000855   Thumb Code     0  init.o(.text)
    _dsqrt                                   0x08000879   Thumb Code   162  dsqrt.o(.text)
    BusFault_Handler                         0x0800091b   Thumb Code     2  stm32f4xx_it.o(i.BusFault_Handler)
    DebugMon_Handler                         0x0800091d   Thumb Code     2  stm32f4xx_it.o(i.DebugMon_Handler)
    Error_Handler                            0x0800091f   Thumb Code     4  main.o(i.Error_Handler)
    HAL_Delay                                0x08000925   Thumb Code    32  stm32f4xx_hal.o(i.HAL_Delay)
    HAL_GPIO_Init                            0x08000949   Thumb Code   446  stm32f4xx_hal_gpio.o(i.HAL_GPIO_Init)
    HAL_GPIO_ReadPin                         0x08000b29   Thumb Code    10  stm32f4xx_hal_gpio.o(i.HAL_GPIO_ReadPin)
    HAL_GPIO_WritePin                        0x08000b33   Thumb Code    10  stm32f4xx_hal_gpio.o(i.HAL_GPIO_WritePin)
    HAL_GetTick                              0x08000b3d   Thumb Code     6  stm32f4xx_hal.o(i.HAL_GetTick)
    HAL_I2C_Init                             0x08000b49   Thumb Code   376  stm32f4xx_hal_i2c.o(i.HAL_I2C_Init)
    HAL_I2C_MspInit                          0x08000cd1   Thumb Code   118  i2c.o(i.HAL_I2C_MspInit)
    HAL_IncTick                              0x08000d55   Thumb Code    12  stm32f4xx_hal.o(i.HAL_IncTick)
    HAL_Init                                 0x08000d65   Thumb Code    48  stm32f4xx_hal.o(i.HAL_Init)
    HAL_InitTick                             0x08000d99   Thumb Code    54  stm32f4xx_hal.o(i.HAL_InitTick)
    HAL_MspInit                              0x08000dd9   Thumb Code    42  stm32f4xx_hal_msp.o(i.HAL_MspInit)
    HAL_NVIC_EnableIRQ                       0x08000e09   Thumb Code    26  stm32f4xx_hal_cortex.o(i.HAL_NVIC_EnableIRQ)
    HAL_NVIC_SetPriority                     0x08000e25   Thumb Code    60  stm32f4xx_hal_cortex.o(i.HAL_NVIC_SetPriority)
    HAL_NVIC_SetPriorityGrouping             0x08000e65   Thumb Code    26  stm32f4xx_hal_cortex.o(i.HAL_NVIC_SetPriorityGrouping)
    HAL_RCC_ClockConfig                      0x08000e89   Thumb Code   288  stm32f4xx_hal_rcc.o(i.HAL_RCC_ClockConfig)
    HAL_RCC_GetPCLK1Freq                     0x08000fbd   Thumb Code    20  stm32f4xx_hal_rcc.o(i.HAL_RCC_GetPCLK1Freq)
    HAL_RCC_GetPCLK2Freq                     0x08000fdd   Thumb Code    20  stm32f4xx_hal_rcc.o(i.HAL_RCC_GetPCLK2Freq)
    HAL_RCC_GetSysClockFreq                  0x08000ffd   Thumb Code    88  stm32f4xx_hal_rcc.o(i.HAL_RCC_GetSysClockFreq)
    HAL_RCC_OscConfig                        0x08001061   Thumb Code   856  stm32f4xx_hal_rcc.o(i.HAL_RCC_OscConfig)
    HAL_SYSTICK_Config                       0x080013cd   Thumb Code    40  stm32f4xx_hal_cortex.o(i.HAL_SYSTICK_Config)
    HAL_TIMEx_BreakCallback                  0x080013f5   Thumb Code     2  stm32f4xx_hal_tim_ex.o(i.HAL_TIMEx_BreakCallback)
    HAL_TIMEx_CommutCallback                 0x080013f7   Thumb Code     2  stm32f4xx_hal_tim_ex.o(i.HAL_TIMEx_CommutCallback)
    HAL_TIM_Base_Init                        0x080013f9   Thumb Code    90  stm32f4xx_hal_tim.o(i.HAL_TIM_Base_Init)
    HAL_TIM_Base_MspInit                     0x08001455   Thumb Code    50  tim.o(i.HAL_TIM_Base_MspInit)
    HAL_TIM_ConfigClockSource                0x08001491   Thumb Code   220  stm32f4xx_hal_tim.o(i.HAL_TIM_ConfigClockSource)
    HAL_TIM_IC_CaptureCallback               0x0800156d   Thumb Code     2  stm32f4xx_hal_tim.o(i.HAL_TIM_IC_CaptureCallback)
    HAL_TIM_IRQHandler                       0x0800156f   Thumb Code   358  stm32f4xx_hal_tim.o(i.HAL_TIM_IRQHandler)
    HAL_TIM_OC_DelayElapsedCallback          0x080016d5   Thumb Code     2  stm32f4xx_hal_tim.o(i.HAL_TIM_OC_DelayElapsedCallback)
    HAL_TIM_PWM_PulseFinishedCallback        0x080016d7   Thumb Code     2  stm32f4xx_hal_tim.o(i.HAL_TIM_PWM_PulseFinishedCallback)
    HAL_TIM_PeriodElapsedCallback            0x080016d9   Thumb Code     2  stm32f4xx_hal_tim.o(i.HAL_TIM_PeriodElapsedCallback)
    HAL_TIM_TriggerCallback                  0x080016db   Thumb Code     2  stm32f4xx_hal_tim.o(i.HAL_TIM_TriggerCallback)
    HAL_UART_Init                            0x080016dd   Thumb Code    98  stm32f4xx_hal_uart.o(i.HAL_UART_Init)
    HAL_UART_MspInit                         0x08001741   Thumb Code    94  usart.o(i.HAL_UART_MspInit)
    HAL_UART_Transmit                        0x080017ad   Thumb Code   178  stm32f4xx_hal_uart.o(i.HAL_UART_Transmit)
    HardFault_Handler                        0x0800185f   Thumb Code     2  stm32f4xx_it.o(i.HardFault_Handler)
    I2C_Delay                                0x08001861   Thumb Code     8  mpuiic.o(i.I2C_Delay)
    I2C_End                                  0x08001869   Thumb Code    46  mpuiic.o(i.I2C_End)
    I2C_ReadByte                             0x0800189d   Thumb Code    86  mpuiic.o(i.I2C_ReadByte)
    I2C_SendByte                             0x080018f9   Thumb Code    72  mpuiic.o(i.I2C_SendByte)
    I2C_Start                                0x08001945   Thumb Code    56  mpuiic.o(i.I2C_Start)
    IIC_Get_ACK                              0x08001981   Thumb Code    56  mpuiic.o(i.IIC_Get_ACK)
    IIC_Send_ACK                             0x080019bd   Thumb Code    54  mpuiic.o(i.IIC_Send_ACK)
    MPU_Init                                 0x080019f9   Thumb Code   106  mpu6050.o(i.MPU_Init)
    MPU_Read_Byte                            0x08001a63   Thumb Code    46  mpuiic.o(i.MPU_Read_Byte)
    MPU_Read_Len                             0x08001a91   Thumb Code    86  mpuiic.o(i.MPU_Read_Len)
    MPU_Set_Accel_Fsr                        0x08001ae7   Thumb Code    10  mpu6050.o(i.MPU_Set_Accel_Fsr)
    MPU_Set_Gyro_Fsr                         0x08001af1   Thumb Code    10  mpu6050.o(i.MPU_Set_Gyro_Fsr)
    MPU_Set_LPF                              0x08001afb   Thumb Code    48  mpu6050.o(i.MPU_Set_LPF)
    MPU_Set_Rate                             0x08001b2b   Thumb Code    46  mpu6050.o(i.MPU_Set_Rate)
    MPU_Write_Byte                           0x08001b59   Thumb Code    36  mpuiic.o(i.MPU_Write_Byte)
    MPU_Write_Len                            0x08001b7d   Thumb Code    58  mpuiic.o(i.MPU_Write_Len)
    MX_GPIO_Init                             0x08001bb9   Thumb Code   100  gpio.o(i.MX_GPIO_Init)
    MX_I2C2_Init                             0x08001c25   Thumb Code    50  i2c.o(i.MX_I2C2_Init)
    MX_TIM9_Init                             0x08001c65   Thumb Code    70  tim.o(i.MX_TIM9_Init)
    MX_USART1_UART_Init                      0x08001cb5   Thumb Code    48  usart.o(i.MX_USART1_UART_Init)
    MemManage_Handler                        0x08001ced   Thumb Code     2  stm32f4xx_it.o(i.MemManage_Handler)
    NMI_Handler                              0x08001cef   Thumb Code     2  stm32f4xx_it.o(i.NMI_Handler)
    PendSV_Handler                           0x08001cf1   Thumb Code     2  stm32f4xx_it.o(i.PendSV_Handler)
    SVC_Handler                              0x08001cf3   Thumb Code     2  stm32f4xx_it.o(i.SVC_Handler)
    SysTick_Handler                          0x08001cf5   Thumb Code     4  stm32f4xx_it.o(i.SysTick_Handler)
    SystemClock_Config                       0x08001cf9   Thumb Code   140  main.o(i.SystemClock_Config)
    SystemInit                               0x08001d8d   Thumb Code    12  system_stm32f4xx.o(i.SystemInit)
    TIM1_BRK_TIM9_IRQHandler                 0x08001d9d   Thumb Code     6  stm32f4xx_it.o(i.TIM1_BRK_TIM9_IRQHandler)
    TIM_Base_SetConfig                       0x08001da9   Thumb Code   122  stm32f4xx_hal_tim.o(i.TIM_Base_SetConfig)
    TIM_ETR_SetConfig                        0x08001e41   Thumb Code    20  stm32f4xx_hal_tim.o(i.TIM_ETR_SetConfig)
    UsageFault_Handler                       0x08002031   Thumb Code     2  stm32f4xx_it.o(i.UsageFault_Handler)
    __0printf                                0x08002035   Thumb Code    22  printfa.o(i.__0printf)
    __1printf                                0x08002035   Thumb Code     0  printfa.o(i.__0printf)
    __2printf                                0x08002035   Thumb Code     0  printfa.o(i.__0printf)
    __c89printf                              0x08002035   Thumb Code     0  printfa.o(i.__0printf)
    printf                                   0x08002035   Thumb Code     0  printfa.o(i.__0printf)
    __ARM_fpclassify                         0x08002055   Thumb Code    48  fpclassify.o(i.__ARM_fpclassify)
    __hardfp_asin                            0x080020a9   Thumb Code   770  asin.o(i.__hardfp_asin)
    __hardfp_atan                            0x08002409   Thumb Code   622  atan.o(i.__hardfp_atan)
    __hardfp_atan2                           0x080026e1   Thumb Code   432  atan2.o(i.__hardfp_atan2)
    __kernel_poly                            0x080028d1   Thumb Code   248  poly.o(i.__kernel_poly)
    __mathlib_dbl_infnan                     0x080029c9   Thumb Code    20  dunder.o(i.__mathlib_dbl_infnan)
    __mathlib_dbl_infnan2                    0x080029dd   Thumb Code    20  dunder.o(i.__mathlib_dbl_infnan2)
    __mathlib_dbl_invalid                    0x080029f1   Thumb Code    24  dunder.o(i.__mathlib_dbl_invalid)
    __mathlib_dbl_underflow                  0x08002a11   Thumb Code    24  dunder.o(i.__mathlib_dbl_underflow)
    __scatterload_copy                       0x08002a31   Thumb Code    14  handlers.o(i.__scatterload_copy)
    __scatterload_null                       0x08002a3f   Thumb Code     2  handlers.o(i.__scatterload_null)
    __scatterload_zeroinit                   0x08002a41   Thumb Code    14  handlers.o(i.__scatterload_zeroinit)
    __set_errno                              0x08002a51   Thumb Code     6  errno.o(i.__set_errno)
    atan                                     0x08003381   Thumb Code    16  atan.o(i.atan)
    dmp_enable_6x_lp_quat                    0x08003391   Thumb Code    58  inv_mpu_dmp_motion_driver.o(i.dmp_enable_6x_lp_quat)
    dmp_enable_feature                       0x080033cd   Thumb Code   464  inv_mpu_dmp_motion_driver.o(i.dmp_enable_feature)
    dmp_enable_gyro_cal                      0x080035a5   Thumb Code    34  inv_mpu_dmp_motion_driver.o(i.dmp_enable_gyro_cal)
    dmp_enable_lp_quat                       0x080035e1   Thumb Code    58  inv_mpu_dmp_motion_driver.o(i.dmp_enable_lp_quat)
    dmp_load_motion_driver_firmware          0x0800361d   Thumb Code    16  inv_mpu_dmp_motion_driver.o(i.dmp_load_motion_driver_firmware)
    dmp_read_fifo                            0x08003631   Thumb Code   324  inv_mpu_dmp_motion_driver.o(i.dmp_read_fifo)
    dmp_set_accel_bias                       0x08003779   Thumb Code   210  inv_mpu_dmp_motion_driver.o(i.dmp_set_accel_bias)
    dmp_set_fifo_rate                        0x08003851   Thumb Code    82  inv_mpu_dmp_motion_driver.o(i.dmp_set_fifo_rate)
    dmp_set_gyro_bias                        0x080038b5   Thumb Code   196  inv_mpu_dmp_motion_driver.o(i.dmp_set_gyro_bias)
    dmp_set_orientation                      0x08003981   Thumb Code   246  inv_mpu_dmp_motion_driver.o(i.dmp_set_orientation)
    dmp_set_shake_reject_thresh              0x08003a8d   Thumb Code    48  inv_mpu_dmp_motion_driver.o(i.dmp_set_shake_reject_thresh)
    dmp_set_shake_reject_time                0x08003abd   Thumb Code    32  inv_mpu_dmp_motion_driver.o(i.dmp_set_shake_reject_time)
    dmp_set_shake_reject_timeout             0x08003add   Thumb Code    32  inv_mpu_dmp_motion_driver.o(i.dmp_set_shake_reject_timeout)
    dmp_set_tap_axes                         0x08003afd   Thumb Code    64  inv_mpu_dmp_motion_driver.o(i.dmp_set_tap_axes)
    dmp_set_tap_count                        0x08003b3d   Thumb Code    34  inv_mpu_dmp_motion_driver.o(i.dmp_set_tap_count)
    dmp_set_tap_thresh                       0x08003b61   Thumb Code   314  inv_mpu_dmp_motion_driver.o(i.dmp_set_tap_thresh)
    dmp_set_tap_time                         0x08003cc1   Thumb Code    32  inv_mpu_dmp_motion_driver.o(i.dmp_set_tap_time)
    dmp_set_tap_time_multi                   0x08003ce1   Thumb Code    32  inv_mpu_dmp_motion_driver.o(i.dmp_set_tap_time_multi)
    fabs                                     0x08003d01   Thumb Code    24  fabs.o(i.fabs)
    fputc                                    0x08003d19   Thumb Code    20  print.o(i.fputc)
    inv_orientation_matrix_to_scalar         0x080041cd   Thumb Code    34  inv_mpu.o(i.inv_orientation_matrix_to_scalar)
    inv_row_2_scale                          0x080041ef   Thumb Code    72  inv_mpu.o(i.inv_row_2_scale)
    main                                     0x08004239   Thumb Code   112  main.o(i.main)
    mget_ms                                  0x080042d5   Thumb Code     2  inv_mpu.o(i.mget_ms)
    mpu_configure_fifo                       0x080042d9   Thumb Code    78  inv_mpu.o(i.mpu_configure_fifo)
    mpu_dmp_get_data                         0x0800432d   Thumb Code   344  inv_mpu.o(i.mpu_dmp_get_data)
    mpu_dmp_init                             0x08004491   Thumb Code   148  inv_mpu.o(i.mpu_dmp_init)
    mpu_get_accel_fsr                        0x08004529   Thumb Code    54  inv_mpu.o(i.mpu_get_accel_fsr)
    mpu_get_accel_sens                       0x08004565   Thumb Code    62  inv_mpu.o(i.mpu_get_accel_sens)
    mpu_get_gyro_fsr                         0x080045a9   Thumb Code    48  inv_mpu.o(i.mpu_get_gyro_fsr)
    mpu_get_gyro_sens                        0x080045dd   Thumb Code    54  inv_mpu.o(i.mpu_get_gyro_sens)
    mpu_get_lpf                              0x08004629   Thumb Code    52  inv_mpu.o(i.mpu_get_lpf)
    mpu_get_sample_rate                      0x08004661   Thumb Code    22  inv_mpu.o(i.mpu_get_sample_rate)
    mpu_init                                 0x0800467d   Thumb Code   302  inv_mpu.o(i.mpu_init)
    mpu_load_firmware                        0x080047d5   Thumb Code   154  inv_mpu.o(i.mpu_load_firmware)
    mpu_lp_accel_mode                        0x08004875   Thumb Code   178  inv_mpu.o(i.mpu_lp_accel_mode)
    mpu_read_fifo_stream                     0x0800492d   Thumb Code   140  inv_mpu.o(i.mpu_read_fifo_stream)
    mpu_read_mem                             0x080049bd   Thumb Code    80  inv_mpu.o(i.mpu_read_mem)
    mpu_reset_fifo                           0x08004a11   Thumb Code   346  inv_mpu.o(i.mpu_reset_fifo)
    mpu_run_self_test                        0x08004b71   Thumb Code   234  inv_mpu.o(i.mpu_run_self_test)
    mpu_set_accel_fsr                        0x08004c61   Thumb Code    98  inv_mpu.o(i.mpu_set_accel_fsr)
    mpu_set_bypass                           0x08004cc9   Thumb Code   214  inv_mpu.o(i.mpu_set_bypass)
    mpu_set_dmp_state                        0x08004da5   Thumb Code   114  inv_mpu.o(i.mpu_set_dmp_state)
    mpu_set_gyro_fsr                         0x08004e1d   Thumb Code   104  inv_mpu.o(i.mpu_set_gyro_fsr)
    mpu_set_int_latched                      0x08004e89   Thumb Code    94  inv_mpu.o(i.mpu_set_int_latched)
    mpu_set_lpf                              0x08004eed   Thumb Code   102  inv_mpu.o(i.mpu_set_lpf)
    mpu_set_sample_rate                      0x08004f59   Thumb Code   124  inv_mpu.o(i.mpu_set_sample_rate)
    mpu_set_sensors                          0x08004fd9   Thumb Code   178  inv_mpu.o(i.mpu_set_sensors)
    mpu_write_mem                            0x08005091   Thumb Code    80  inv_mpu.o(i.mpu_write_mem)
    run_self_test                            0x080050e5   Thumb Code   136  inv_mpu.o(i.run_self_test)
    sqrt                                     0x080051c5   Thumb Code   110  sqrt.o(i.sqrt)
    AHBPrescTable                            0x08005232   Data          16  system_stm32f4xx.o(.constdata)
    APBPrescTable                            0x08005242   Data           8  system_stm32f4xx.o(.constdata)
    reg                                      0x0800524a   Data          27  inv_mpu.o(.constdata)
    hw                                       0x08005266   Data          12  inv_mpu.o(.constdata)
    test                                     0x08005274   Data          40  inv_mpu.o(.constdata)
    __mathlib_zero                           0x08005f80   Data           8  qnan.o(.constdata)
    Region$$Table$$Base                      0x08005fd8   Number         0  anon$$obj.o(Region$$Table)
    Region$$Table$$Limit                     0x08005ff8   Number         0  anon$$obj.o(Region$$Table)
    uwTickFreq                               0x20000000   Data           1  stm32f4xx_hal.o(.data)
    uwTickPrio                               0x20000004   Data           4  stm32f4xx_hal.o(.data)
    uwTick                                   0x20000008   Data           4  stm32f4xx_hal.o(.data)
    SystemCoreClock                          0x2000000c   Data           4  system_stm32f4xx.o(.data)
    __stdout                                 0x20000048   Data           4  stdout.o(.data)
    hi2c2                                    0x20000050   Data          84  i2c.o(.bss)
    htim9                                    0x200000a4   Data          72  tim.o(.bss)
    huart1                                   0x200000ec   Data          68  usart.o(.bss)
    __initial_sp                             0x20000540   Data           0  startup_stm32f401xc.o(STACK)



==============================================================================

Memory Map of the image

  Image Entry point : 0x08000195

  Load Region LR_IROM1 (Base: 0x08000000, Size: 0x00006048, Max: 0x00040000, ABSOLUTE)

    Execution Region ER_IROM1 (Exec base: 0x08000000, Load base: 0x08000000, Size: 0x00005ff8, Max: 0x00040000, ABSOLUTE)

    Exec Addr    Load Addr    Size         Type   Attr      Idx    E Section Name        Object

    0x08000000   0x08000000   0x00000194   Data   RO            3    RESET               startup_stm32f401xc.o
    0x08000194   0x08000194   0x00000000   Code   RO         4259  * .ARM.Collect$$$$00000000  mc_w.l(entry.o)
    0x08000194   0x08000194   0x00000004   Code   RO         4594    .ARM.Collect$$$$00000001  mc_w.l(entry2.o)
    0x08000198   0x08000198   0x00000004   Code   RO         4597    .ARM.Collect$$$$00000004  mc_w.l(entry5.o)
    0x0800019c   0x0800019c   0x00000000   Code   RO         4599    .ARM.Collect$$$$00000008  mc_w.l(entry7b.o)
    0x0800019c   0x0800019c   0x00000000   Code   RO         4601    .ARM.Collect$$$$0000000A  mc_w.l(entry8b.o)
    0x0800019c   0x0800019c   0x00000008   Code   RO         4602    .ARM.Collect$$$$0000000B  mc_w.l(entry9a.o)
    0x080001a4   0x080001a4   0x00000000   Code   RO         4604    .ARM.Collect$$$$0000000D  mc_w.l(entry10a.o)
    0x080001a4   0x080001a4   0x00000000   Code   RO         4606    .ARM.Collect$$$$0000000F  mc_w.l(entry11a.o)
    0x080001a4   0x080001a4   0x00000004   Code   RO         4595    .ARM.Collect$$$$00002712  mc_w.l(entry2.o)
    0x080001a8   0x080001a8   0x00000024   Code   RO            4    .text               startup_stm32f401xc.o
    0x080001cc   0x080001cc   0x00000062   Code   RO         4262    .text               mc_w.l(uldiv.o)
    0x0800022e   0x0800022e   0x00000062   Code   RO         4264    .text               mc_w.l(ldiv.o)
    0x08000290   0x08000290   0x00000024   Code   RO         4266    .text               mc_w.l(memseta.o)
    0x080002b4   0x080002b4   0x0000001a   Code   RO         4268    .text               mc_w.l(memcmp.o)
    0x080002ce   0x080002ce   0x0000014e   Code   RO         4531    .text               mf_w.l(dadd.o)
    0x0800041c   0x0800041c   0x000000e4   Code   RO         4533    .text               mf_w.l(dmul.o)
    0x08000500   0x08000500   0x000000de   Code   RO         4535    .text               mf_w.l(ddiv.o)
    0x080005de   0x080005de   0x00000026   Code   RO         4539    .text               mf_w.l(f2d.o)
    0x08000604   0x08000604   0x00000038   Code   RO         4541    .text               mf_w.l(d2f.o)
    0x0800063c   0x0800063c   0x0000002c   Code   RO         4609    .text               mc_w.l(uidiv.o)
    0x08000668   0x08000668   0x0000001e   Code   RO         4611    .text               mc_w.l(llshl.o)
    0x08000686   0x08000686   0x00000020   Code   RO         4613    .text               mc_w.l(llushr.o)
    0x080006a6   0x080006a6   0x00000024   Code   RO         4615    .text               mc_w.l(llsshr.o)
    0x080006ca   0x080006ca   0x00000000   Code   RO         4624    .text               mc_w.l(iusefp.o)
    0x080006ca   0x080006ca   0x0000006e   Code   RO         4625    .text               mf_w.l(fepilogue.o)
    0x08000738   0x08000738   0x000000ba   Code   RO         4627    .text               mf_w.l(depilogue.o)
    0x080007f2   0x080007f2   0x00000030   Code   RO         4631    .text               mf_w.l(dfixul.o)
    0x08000822   0x08000822   0x00000002   PAD
    0x08000824   0x08000824   0x00000030   Code   RO         4633    .text               mf_w.l(cdrcmple.o)
    0x08000854   0x08000854   0x00000024   Code   RO         4635    .text               mc_w.l(init.o)
    0x08000878   0x08000878   0x000000a2   Code   RO         4637    .text               mf_w.l(dsqrt.o)
    0x0800091a   0x0800091a   0x00000002   Code   RO          339    i.BusFault_Handler  stm32f4xx_it.o
    0x0800091c   0x0800091c   0x00000002   Code   RO          340    i.DebugMon_Handler  stm32f4xx_it.o
    0x0800091e   0x0800091e   0x00000004   Code   RO           13    i.Error_Handler     main.o
    0x08000922   0x08000922   0x00000002   PAD
    0x08000924   0x08000924   0x00000024   Code   RO         1836    i.HAL_Delay         stm32f4xx_hal.o
    0x08000948   0x08000948   0x000001e0   Code   RO         1286    i.HAL_GPIO_Init     stm32f4xx_hal_gpio.o
    0x08000b28   0x08000b28   0x0000000a   Code   RO         1288    i.HAL_GPIO_ReadPin  stm32f4xx_hal_gpio.o
    0x08000b32   0x08000b32   0x0000000a   Code   RO         1290    i.HAL_GPIO_WritePin  stm32f4xx_hal_gpio.o
    0x08000b3c   0x08000b3c   0x0000000c   Code   RO         1842    i.HAL_GetTick       stm32f4xx_hal.o
    0x08000b48   0x08000b48   0x00000188   Code   RO          456    i.HAL_I2C_Init      stm32f4xx_hal_i2c.o
    0x08000cd0   0x08000cd0   0x00000084   Code   RO          214    i.HAL_I2C_MspInit   i2c.o
    0x08000d54   0x08000d54   0x00000010   Code   RO         1848    i.HAL_IncTick       stm32f4xx_hal.o
    0x08000d64   0x08000d64   0x00000034   Code   RO         1849    i.HAL_Init          stm32f4xx_hal.o
    0x08000d98   0x08000d98   0x00000040   Code   RO         1850    i.HAL_InitTick      stm32f4xx_hal.o
    0x08000dd8   0x08000dd8   0x00000030   Code   RO          421    i.HAL_MspInit       stm32f4xx_hal_msp.o
    0x08000e08   0x08000e08   0x0000001a   Code   RO         1699    i.HAL_NVIC_EnableIRQ  stm32f4xx_hal_cortex.o
    0x08000e22   0x08000e22   0x00000002   PAD
    0x08000e24   0x08000e24   0x00000040   Code   RO         1705    i.HAL_NVIC_SetPriority  stm32f4xx_hal_cortex.o
    0x08000e64   0x08000e64   0x00000024   Code   RO         1706    i.HAL_NVIC_SetPriorityGrouping  stm32f4xx_hal_cortex.o
    0x08000e88   0x08000e88   0x00000134   Code   RO          908    i.HAL_RCC_ClockConfig  stm32f4xx_hal_rcc.o
    0x08000fbc   0x08000fbc   0x00000020   Code   RO          915    i.HAL_RCC_GetPCLK1Freq  stm32f4xx_hal_rcc.o
    0x08000fdc   0x08000fdc   0x00000020   Code   RO          916    i.HAL_RCC_GetPCLK2Freq  stm32f4xx_hal_rcc.o
    0x08000ffc   0x08000ffc   0x00000064   Code   RO          917    i.HAL_RCC_GetSysClockFreq  stm32f4xx_hal_rcc.o
    0x08001060   0x08001060   0x0000036c   Code   RO          920    i.HAL_RCC_OscConfig  stm32f4xx_hal_rcc.o
    0x080013cc   0x080013cc   0x00000028   Code   RO         1710    i.HAL_SYSTICK_Config  stm32f4xx_hal_cortex.o
    0x080013f4   0x080013f4   0x00000002   Code   RO         2793    i.HAL_TIMEx_BreakCallback  stm32f4xx_hal_tim_ex.o
    0x080013f6   0x080013f6   0x00000002   Code   RO         2794    i.HAL_TIMEx_CommutCallback  stm32f4xx_hal_tim_ex.o
    0x080013f8   0x080013f8   0x0000005a   Code   RO         2089    i.HAL_TIM_Base_Init  stm32f4xx_hal_tim.o
    0x08001452   0x08001452   0x00000002   PAD
    0x08001454   0x08001454   0x0000003c   Code   RO          256    i.HAL_TIM_Base_MspInit  tim.o
    0x08001490   0x08001490   0x000000dc   Code   RO         2098    i.HAL_TIM_ConfigClockSource  stm32f4xx_hal_tim.o
    0x0800156c   0x0800156c   0x00000002   Code   RO         2123    i.HAL_TIM_IC_CaptureCallback  stm32f4xx_hal_tim.o
    0x0800156e   0x0800156e   0x00000166   Code   RO         2137    i.HAL_TIM_IRQHandler  stm32f4xx_hal_tim.o
    0x080016d4   0x080016d4   0x00000002   Code   RO         2140    i.HAL_TIM_OC_DelayElapsedCallback  stm32f4xx_hal_tim.o
    0x080016d6   0x080016d6   0x00000002   Code   RO         2167    i.HAL_TIM_PWM_PulseFinishedCallback  stm32f4xx_hal_tim.o
    0x080016d8   0x080016d8   0x00000002   Code   RO         2175    i.HAL_TIM_PeriodElapsedCallback  stm32f4xx_hal_tim.o
    0x080016da   0x080016da   0x00000002   Code   RO         2180    i.HAL_TIM_TriggerCallback  stm32f4xx_hal_tim.o
    0x080016dc   0x080016dc   0x00000062   Code   RO         3089    i.HAL_UART_Init     stm32f4xx_hal_uart.o
    0x0800173e   0x0800173e   0x00000002   PAD
    0x08001740   0x08001740   0x0000006c   Code   RO          298    i.HAL_UART_MspInit  usart.o
    0x080017ac   0x080017ac   0x000000b2   Code   RO         3097    i.HAL_UART_Transmit  stm32f4xx_hal_uart.o
    0x0800185e   0x0800185e   0x00000002   Code   RO          341    i.HardFault_Handler  stm32f4xx_it.o
    0x08001860   0x08001860   0x00000008   Code   RO         3608    i.I2C_Delay         mpuiic.o
    0x08001868   0x08001868   0x00000034   Code   RO         3609    i.I2C_End           mpuiic.o
    0x0800189c   0x0800189c   0x0000005c   Code   RO         3610    i.I2C_ReadByte      mpuiic.o
    0x080018f8   0x080018f8   0x0000004c   Code   RO         3611    i.I2C_SendByte      mpuiic.o
    0x08001944   0x08001944   0x0000003c   Code   RO         3612    i.I2C_Start         mpuiic.o
    0x08001980   0x08001980   0x0000003c   Code   RO         3613    i.IIC_Get_ACK       mpuiic.o
    0x080019bc   0x080019bc   0x0000003c   Code   RO         3614    i.IIC_Send_ACK      mpuiic.o
    0x080019f8   0x080019f8   0x0000006a   Code   RO         3536    i.MPU_Init          mpu6050.o
    0x08001a62   0x08001a62   0x0000002e   Code   RO         3615    i.MPU_Read_Byte     mpuiic.o
    0x08001a90   0x08001a90   0x00000056   Code   RO         3616    i.MPU_Read_Len      mpuiic.o
    0x08001ae6   0x08001ae6   0x0000000a   Code   RO         3537    i.MPU_Set_Accel_Fsr  mpu6050.o
    0x08001af0   0x08001af0   0x0000000a   Code   RO         3538    i.MPU_Set_Gyro_Fsr  mpu6050.o
    0x08001afa   0x08001afa   0x00000030   Code   RO         3539    i.MPU_Set_LPF       mpu6050.o
    0x08001b2a   0x08001b2a   0x0000002e   Code   RO         3540    i.MPU_Set_Rate      mpu6050.o
    0x08001b58   0x08001b58   0x00000024   Code   RO         3617    i.MPU_Write_Byte    mpuiic.o
    0x08001b7c   0x08001b7c   0x0000003a   Code   RO         3618    i.MPU_Write_Len     mpuiic.o
    0x08001bb6   0x08001bb6   0x00000002   PAD
    0x08001bb8   0x08001bb8   0x0000006c   Code   RO          189    i.MX_GPIO_Init      gpio.o
    0x08001c24   0x08001c24   0x00000040   Code   RO          215    i.MX_I2C2_Init      i2c.o
    0x08001c64   0x08001c64   0x00000050   Code   RO          257    i.MX_TIM9_Init      tim.o
    0x08001cb4   0x08001cb4   0x00000038   Code   RO          299    i.MX_USART1_UART_Init  usart.o
    0x08001cec   0x08001cec   0x00000002   Code   RO          342    i.MemManage_Handler  stm32f4xx_it.o
    0x08001cee   0x08001cee   0x00000002   Code   RO          343    i.NMI_Handler       stm32f4xx_it.o
    0x08001cf0   0x08001cf0   0x00000002   Code   RO          344    i.PendSV_Handler    stm32f4xx_it.o
    0x08001cf2   0x08001cf2   0x00000002   Code   RO          345    i.SVC_Handler       stm32f4xx_it.o
    0x08001cf4   0x08001cf4   0x00000004   Code   RO          346    i.SysTick_Handler   stm32f4xx_it.o
    0x08001cf8   0x08001cf8   0x00000094   Code   RO           14    i.SystemClock_Config  main.o
    0x08001d8c   0x08001d8c   0x00000010   Code   RO         3418    i.SystemInit        system_stm32f4xx.o
    0x08001d9c   0x08001d9c   0x0000000c   Code   RO          347    i.TIM1_BRK_TIM9_IRQHandler  stm32f4xx_it.o
    0x08001da8   0x08001da8   0x00000098   Code   RO         2182    i.TIM_Base_SetConfig  stm32f4xx_hal_tim.o
    0x08001e40   0x08001e40   0x00000014   Code   RO         2193    i.TIM_ETR_SetConfig  stm32f4xx_hal_tim.o
    0x08001e54   0x08001e54   0x00000010   Code   RO         2194    i.TIM_ITRx_SetConfig  stm32f4xx_hal_tim.o
    0x08001e64   0x08001e64   0x00000022   Code   RO         2200    i.TIM_TI1_ConfigInputStage  stm32f4xx_hal_tim.o
    0x08001e86   0x08001e86   0x00000024   Code   RO         2202    i.TIM_TI2_ConfigInputStage  stm32f4xx_hal_tim.o
    0x08001eaa   0x08001eaa   0x00000002   PAD
    0x08001eac   0x08001eac   0x0000010c   Code   RO         3115    i.UART_SetConfig    stm32f4xx_hal_uart.o
    0x08001fb8   0x08001fb8   0x00000078   Code   RO         3118    i.UART_WaitOnFlagUntilTimeout  stm32f4xx_hal_uart.o
    0x08002030   0x08002030   0x00000002   Code   RO          348    i.UsageFault_Handler  stm32f4xx_it.o
    0x08002032   0x08002032   0x00000002   PAD
    0x08002034   0x08002034   0x00000020   Code   RO         4503    i.__0printf         mc_w.l(printfa.o)
    0x08002054   0x08002054   0x00000030   Code   RO         4577    i.__ARM_fpclassify  m_wm.l(fpclassify.o)
    0x08002084   0x08002084   0x00000020   Code   RO         1712    i.__NVIC_SetPriority  stm32f4xx_hal_cortex.o
    0x080020a4   0x080020a4   0x00000004   PAD
    0x080020a8   0x080020a8   0x00000360   Code   RO         4233    i.__hardfp_asin     m_wm.l(asin.o)
    0x08002408   0x08002408   0x000002d8   Code   RO         4543    i.__hardfp_atan     m_wm.l(atan.o)
    0x080026e0   0x080026e0   0x000001f0   Code   RO         4247    i.__hardfp_atan2    m_wm.l(atan2.o)
    0x080028d0   0x080028d0   0x000000f8   Code   RO         4579    i.__kernel_poly     m_wm.l(poly.o)
    0x080029c8   0x080029c8   0x00000014   Code   RO         4558    i.__mathlib_dbl_infnan  m_wm.l(dunder.o)
    0x080029dc   0x080029dc   0x00000014   Code   RO         4559    i.__mathlib_dbl_infnan2  m_wm.l(dunder.o)
    0x080029f0   0x080029f0   0x00000020   Code   RO         4560    i.__mathlib_dbl_invalid  m_wm.l(dunder.o)
    0x08002a10   0x08002a10   0x00000020   Code   RO         4563    i.__mathlib_dbl_underflow  m_wm.l(dunder.o)
    0x08002a30   0x08002a30   0x0000000e   Code   RO         4643    i.__scatterload_copy  mc_w.l(handlers.o)
    0x08002a3e   0x08002a3e   0x00000002   Code   RO         4644    i.__scatterload_null  mc_w.l(handlers.o)
    0x08002a40   0x08002a40   0x0000000e   Code   RO         4645    i.__scatterload_zeroinit  mc_w.l(handlers.o)
    0x08002a4e   0x08002a4e   0x00000002   PAD
    0x08002a50   0x08002a50   0x0000000c   Code   RO         4619    i.__set_errno       mc_w.l(errno.o)
    0x08002a5c   0x08002a5c   0x00000164   Code   RO         4510    i._fp_digits        mc_w.l(printfa.o)
    0x08002bc0   0x08002bc0   0x000006dc   Code   RO         4511    i._printf_core      mc_w.l(printfa.o)
    0x0800329c   0x0800329c   0x00000024   Code   RO         4512    i._printf_post_padding  mc_w.l(printfa.o)
    0x080032c0   0x080032c0   0x0000002e   Code   RO         4513    i._printf_pre_padding  mc_w.l(printfa.o)
    0x080032ee   0x080032ee   0x00000002   PAD
    0x080032f0   0x080032f0   0x00000090   Code   RO         3692    i.accel_self_test   inv_mpu.o
    0x08003380   0x08003380   0x00000010   Code   RO         4545    i.atan              m_wm.l(atan.o)
    0x08003390   0x08003390   0x0000003a   Code   RO         4047    i.dmp_enable_6x_lp_quat  inv_mpu_dmp_motion_driver.o
    0x080033ca   0x080033ca   0x00000002   PAD
    0x080033cc   0x080033cc   0x000001d8   Code   RO         4048    i.dmp_enable_feature  inv_mpu_dmp_motion_driver.o
    0x080035a4   0x080035a4   0x0000003c   Code   RO         4049    i.dmp_enable_gyro_cal  inv_mpu_dmp_motion_driver.o
    0x080035e0   0x080035e0   0x0000003a   Code   RO         4050    i.dmp_enable_lp_quat  inv_mpu_dmp_motion_driver.o
    0x0800361a   0x0800361a   0x00000002   PAD
    0x0800361c   0x0800361c   0x00000014   Code   RO         4055    i.dmp_load_motion_driver_firmware  inv_mpu_dmp_motion_driver.o
    0x08003630   0x08003630   0x00000148   Code   RO         4056    i.dmp_read_fifo     inv_mpu_dmp_motion_driver.o
    0x08003778   0x08003778   0x000000d8   Code   RO         4059    i.dmp_set_accel_bias  inv_mpu_dmp_motion_driver.o
    0x08003850   0x08003850   0x00000064   Code   RO         4060    i.dmp_set_fifo_rate  inv_mpu_dmp_motion_driver.o
    0x080038b4   0x080038b4   0x000000cc   Code   RO         4061    i.dmp_set_gyro_bias  inv_mpu_dmp_motion_driver.o
    0x08003980   0x08003980   0x0000010c   Code   RO         4063    i.dmp_set_orientation  inv_mpu_dmp_motion_driver.o
    0x08003a8c   0x08003a8c   0x00000030   Code   RO         4066    i.dmp_set_shake_reject_thresh  inv_mpu_dmp_motion_driver.o
    0x08003abc   0x08003abc   0x00000020   Code   RO         4067    i.dmp_set_shake_reject_time  inv_mpu_dmp_motion_driver.o
    0x08003adc   0x08003adc   0x00000020   Code   RO         4068    i.dmp_set_shake_reject_timeout  inv_mpu_dmp_motion_driver.o
    0x08003afc   0x08003afc   0x00000040   Code   RO         4069    i.dmp_set_tap_axes  inv_mpu_dmp_motion_driver.o
    0x08003b3c   0x08003b3c   0x00000022   Code   RO         4070    i.dmp_set_tap_count  inv_mpu_dmp_motion_driver.o
    0x08003b5e   0x08003b5e   0x00000002   PAD
    0x08003b60   0x08003b60   0x00000160   Code   RO         4071    i.dmp_set_tap_thresh  inv_mpu_dmp_motion_driver.o
    0x08003cc0   0x08003cc0   0x00000020   Code   RO         4072    i.dmp_set_tap_time  inv_mpu_dmp_motion_driver.o
    0x08003ce0   0x08003ce0   0x00000020   Code   RO         4073    i.dmp_set_tap_time_multi  inv_mpu_dmp_motion_driver.o
    0x08003d00   0x08003d00   0x00000018   Code   RO         4573    i.fabs              m_wm.l(fabs.o)
    0x08003d18   0x08003d18   0x00000018   Code   RO         3456    i.fputc             print.o
    0x08003d30   0x08003d30   0x000000b4   Code   RO         3693    i.get_accel_prod_shift  inv_mpu.o
    0x08003de4   0x08003de4   0x00000314   Code   RO         3694    i.get_st_biases     inv_mpu.o
    0x080040f8   0x080040f8   0x000000d4   Code   RO         3695    i.gyro_self_test    inv_mpu.o
    0x080041cc   0x080041cc   0x00000022   Code   RO         3696    i.inv_orientation_matrix_to_scalar  inv_mpu.o
    0x080041ee   0x080041ee   0x00000048   Code   RO         3697    i.inv_row_2_scale   inv_mpu.o
    0x08004236   0x08004236   0x00000002   PAD
    0x08004238   0x08004238   0x0000009c   Code   RO           15    i.main              main.o
    0x080042d4   0x080042d4   0x00000002   Code   RO         3698    i.mget_ms           inv_mpu.o
    0x080042d6   0x080042d6   0x00000002   PAD
    0x080042d8   0x080042d8   0x00000054   Code   RO         3699    i.mpu_configure_fifo  inv_mpu.o
    0x0800432c   0x0800432c   0x00000164   Code   RO         3700    i.mpu_dmp_get_data  inv_mpu.o
    0x08004490   0x08004490   0x00000098   Code   RO         3701    i.mpu_dmp_init      inv_mpu.o
    0x08004528   0x08004528   0x0000003c   Code   RO         3702    i.mpu_get_accel_fsr  inv_mpu.o
    0x08004564   0x08004564   0x00000044   Code   RO         3704    i.mpu_get_accel_sens  inv_mpu.o
    0x080045a8   0x080045a8   0x00000034   Code   RO         3710    i.mpu_get_gyro_fsr  inv_mpu.o
    0x080045dc   0x080045dc   0x0000004c   Code   RO         3712    i.mpu_get_gyro_sens  inv_mpu.o
    0x08004628   0x08004628   0x00000038   Code   RO         3714    i.mpu_get_lpf       inv_mpu.o
    0x08004660   0x08004660   0x0000001c   Code   RO         3716    i.mpu_get_sample_rate  inv_mpu.o
    0x0800467c   0x0800467c   0x00000158   Code   RO         3718    i.mpu_init          inv_mpu.o
    0x080047d4   0x080047d4   0x000000a0   Code   RO         3719    i.mpu_load_firmware  inv_mpu.o
    0x08004874   0x08004874   0x000000b8   Code   RO         3720    i.mpu_lp_accel_mode  inv_mpu.o
    0x0800492c   0x0800492c   0x00000090   Code   RO         3723    i.mpu_read_fifo_stream  inv_mpu.o
    0x080049bc   0x080049bc   0x00000054   Code   RO         3724    i.mpu_read_mem      inv_mpu.o
    0x08004a10   0x08004a10   0x00000160   Code   RO         3727    i.mpu_reset_fifo    inv_mpu.o
    0x08004b70   0x08004b70   0x000000f0   Code   RO         3728    i.mpu_run_self_test  inv_mpu.o
    0x08004c60   0x08004c60   0x00000068   Code   RO         3730    i.mpu_set_accel_fsr  inv_mpu.o
    0x08004cc8   0x08004cc8   0x000000dc   Code   RO         3731    i.mpu_set_bypass    inv_mpu.o
    0x08004da4   0x08004da4   0x00000078   Code   RO         3733    i.mpu_set_dmp_state  inv_mpu.o
    0x08004e1c   0x08004e1c   0x0000006c   Code   RO         3734    i.mpu_set_gyro_fsr  inv_mpu.o
    0x08004e88   0x08004e88   0x00000064   Code   RO         3735    i.mpu_set_int_latched  inv_mpu.o
    0x08004eec   0x08004eec   0x0000006c   Code   RO         3737    i.mpu_set_lpf       inv_mpu.o
    0x08004f58   0x08004f58   0x00000080   Code   RO         3738    i.mpu_set_sample_rate  inv_mpu.o
    0x08004fd8   0x08004fd8   0x000000b8   Code   RO         3739    i.mpu_set_sensors   inv_mpu.o
    0x08005090   0x08005090   0x00000054   Code   RO         3740    i.mpu_write_mem     inv_mpu.o
    0x080050e4   0x080050e4   0x00000088   Code   RO         3741    i.run_self_test     inv_mpu.o
    0x0800516c   0x0800516c   0x00000058   Code   RO         3742    i.set_int_enable    inv_mpu.o
    0x080051c4   0x080051c4   0x0000006e   Code   RO         4584    i.sqrt              m_wm.l(sqrt.o)
    0x08005232   0x08005232   0x00000010   Data   RO         3419    .constdata          system_stm32f4xx.o
    0x08005242   0x08005242   0x00000008   Data   RO         3420    .constdata          system_stm32f4xx.o
    0x0800524a   0x0800524a   0x0000001b   Data   RO         3744    .constdata          inv_mpu.o
    0x08005265   0x08005265   0x00000001   PAD
    0x08005266   0x08005266   0x0000000c   Data   RO         3745    .constdata          inv_mpu.o
    0x08005272   0x08005272   0x00000002   PAD
    0x08005274   0x08005274   0x00000028   Data   RO         3746    .constdata          inv_mpu.o
    0x0800529c   0x0800529c   0x00000bf6   Data   RO         4075    .constdata          inv_mpu_dmp_motion_driver.o
    0x08005e92   0x08005e92   0x00000006   PAD
    0x08005e98   0x08005e98   0x00000050   Data   RO         4236    .constdata          m_wm.l(asin.o)
    0x08005ee8   0x08005ee8   0x00000098   Data   RO         4546    .constdata          m_wm.l(atan.o)
    0x08005f80   0x08005f80   0x00000008   Data   RO         4581    .constdata          m_wm.l(qnan.o)
    0x08005f88   0x08005f88   0x0000004d   Data   RO         3747    .conststring        inv_mpu.o
    0x08005fd5   0x08005fd5   0x00000003   PAD
    0x08005fd8   0x08005fd8   0x00000020   Data   RO         4641    Region$$Table       anon$$obj.o


    Execution Region RW_IRAM1 (Exec base: 0x20000000, Load base: 0x08005ff8, Size: 0x00000540, Max: 0x00010000, ABSOLUTE)

    Exec Addr    Load Addr    Size         Type   Attr      Idx    E Section Name        Object

    0x20000000   0x08005ff8   0x0000000c   Data   RW         1856    .data               stm32f4xx_hal.o
    0x2000000c   0x08006004   0x00000004   Data   RW         3421    .data               system_stm32f4xx.o
    0x20000010   0x08006008   0x00000035   Data   RW         3748    .data               inv_mpu.o
    0x20000045   0x0800603d   0x00000003   PAD
    0x20000048   0x08006040   0x00000004   Data   RW         4608    .data               mc_w.l(stdout.o)
    0x2000004c   0x08006044   0x00000004   Data   RW         4620    .data               mc_w.l(errno.o)
    0x20000050        -       0x00000054   Zero   RW          216    .bss                i2c.o
    0x200000a4        -       0x00000048   Zero   RW          258    .bss                tim.o
    0x200000ec        -       0x00000044   Zero   RW          300    .bss                usart.o
    0x20000130        -       0x00000010   Zero   RW         4074    .bss                inv_mpu_dmp_motion_driver.o
    0x20000140        -       0x00000400   Zero   RW            1    STACK               startup_stm32f401xc.o


==============================================================================

Image component sizes


      Code (inc. data)   RO Data    RW Data    ZI Data      Debug   Object Name

       108          8          0          0          0        907   gpio.o
       196         28          0          0         84       1665   i2c.o
      5252        264        156         53          0      31186   inv_mpu.o
      2410        134       3062          0         16      20122   inv_mpu_dmp_motion_driver.o
       308         52          0          0          0     427928   main.o
       220          0          0          0          0       3097   mpu6050.o
       634         30          0          0          0       6841   mpuiic.o
        24          4          0          0          0        488   print.o
        36          8        404          0       1024        828   startup_stm32f401xc.o
       180         28          0         12          0       9205   stm32f4xx_hal.o
       198         14          0          0          0      33899   stm32f4xx_hal_cortex.o
       500         34          0          0          0       2795   stm32f4xx_hal_gpio.o
       392         16          0          0          0       3103   stm32f4xx_hal_i2c.o
        48          6          0          0          0        838   stm32f4xx_hal_msp.o
      1348         76          0          0          0       5196   stm32f4xx_hal_rcc.o
       936         30          0          0          0       9857   stm32f4xx_hal_tim.o
         4          0          0          0          0       1573   stm32f4xx_hal_tim_ex.o
       664         10          0          0          0       4164   stm32f4xx_hal_uart.o
        32          6          0          0          0       4569   stm32f4xx_it.o
        16          4         24          4          0       1103   system_stm32f4xx.o
       140         20          0          0         72       1586   tim.o
       164         22          0          0         68       1678   usart.o

    ----------------------------------------------------------------------
     13838        794       3690         72       1264     572628   Object Totals
         0          0         32          0          0          0   (incl. Generated)
        28          0         12          3          0          0   (incl. Padding)

    ----------------------------------------------------------------------

      Code (inc. data)   RO Data    RW Data    ZI Data      Debug   Library Member Name

       864         94         80          0          0        280   asin.o
       744        106        152          0          0        352   atan.o
       496         64          0          0          0        192   atan2.o
       104         16          0          0          0        496   dunder.o
        24          0          0          0          0        124   fabs.o
        48          0          0          0          0        124   fpclassify.o
       248          0          0          0          0        152   poly.o
         0          0          8          0          0          0   qnan.o
       110          0          0          0          0        148   sqrt.o
         0          0          0          0          0          0   entry.o
         0          0          0          0          0          0   entry10a.o
         0          0          0          0          0          0   entry11a.o
         8          4          0          0          0          0   entry2.o
         4          0          0          0          0          0   entry5.o
         0          0          0          0          0          0   entry7b.o
         0          0          0          0          0          0   entry8b.o
         8          4          0          0          0          0   entry9a.o
        12          6          0          4          0         68   errno.o
        30          0          0          0          0          0   handlers.o
        36          8          0          0          0         68   init.o
         0          0          0          0          0          0   iusefp.o
        98          0          0          0          0         84   ldiv.o
        30          0          0          0          0         68   llshl.o
        36          0          0          0          0         68   llsshr.o
        32          0          0          0          0         68   llushr.o
        26          0          0          0          0         80   memcmp.o
        36          0          0          0          0        108   memseta.o
      2226         90          0          0          0        444   printfa.o
         0          0          0          4          0          0   stdout.o
        44          0          0          0          0         80   uidiv.o
        98          0          0          0          0         92   uldiv.o
        48          0          0          0          0         68   cdrcmple.o
        56          0          0          0          0         88   d2f.o
       334          0          0          0          0        148   dadd.o
       222          0          0          0          0        100   ddiv.o
       186          0          0          0          0        176   depilogue.o
        48          0          0          0          0         68   dfixul.o
       228          0          0          0          0         96   dmul.o
       162          0          0          0          0        100   dsqrt.o
        38          0          0          0          0         68   f2d.o
       110          0          0          0          0        168   fepilogue.o

    ----------------------------------------------------------------------
      6800        392        240          8          0       4176   Library Totals
         6          0          0          0          0          0   (incl. Padding)

    ----------------------------------------------------------------------

      Code (inc. data)   RO Data    RW Data    ZI Data      Debug   Library Name

      2638        280        240          0          0       1868   m_wm.l
      2724        112          0          8          0       1228   mc_w.l
      1432          0          0          0          0       1080   mf_w.l

    ----------------------------------------------------------------------
      6800        392        240          8          0       4176   Library Totals

    ----------------------------------------------------------------------

==============================================================================


      Code (inc. data)   RO Data    RW Data    ZI Data      Debug   

     20638       1186       3930         80       1264     562664   Grand Totals
     20638       1186       3930         80       1264     562664   ELF Image Totals
     20638       1186       3930         80          0          0   ROM Totals

==============================================================================

    Total RO  Size (Code + RO Data)                24568 (  23.99kB)
    Total RW  Size (RW Data + ZI Data)              1344 (   1.31kB)
    Total ROM Size (Code + RO Data + RW Data)      24648 (  24.07kB)

==============================================================================

